--------------------------------------------------------------------------------------------------------------------------------------------------------------------------------------------------------
      name:  <unnamed>
       log:  C:\Users\Administrator\Desktop\a.txt
  log type:  text

. 
. * 加载数据
. use "`DATA'", clear

. xtset 代码 年份

Panel variable: 代码 (strongly balanced)
 Time variable: 年份, 2011 to 2022
         Delta: 1 unit

. 
. *====================================================================
. * 1. 变量预处理 (Variable Pre-processing)
. * 功能：生成对数、中心化变量、计算残差等
. *====================================================================
. 
. * 1.1 基础变量组内中心化 (Within-City Centering)
. * 用于构建交互项时减少多重共线性
. local basevars ln能耗强度 绿色全要素BOM ln数字金融 绿色金融 ln地区生产总值 ln公路运量源数据 ln风险投资额 ln绿色专利

. foreach v of local basevars {
  2.     capture confirm variable `v'
  3.     if _rc {
  4.         continue
  5.     }
  6.     capture confirm variable `v'_c
  7.     if _rc {
  8.         quietly su `v'
  9.         gen `v'_c = `v' - r(mean)
 10.     }
 11. }

. 
. * 1.2 数字金融核心变量中心化 (用于构建 DFz_Level 和 DFz_Contrast)
. capture drop lnDF_citymean lnDF_wc

. bysort 代码: egen lnDF_citymean = mean(ln数字金融)

. gen lnDF_wc = ln数字金融 - lnDF_citymean

. 
. * 1.3 生成物流效率残差 (Logistics Efficiency Residual)
. * 对应正文 Table 1 描述统计中的 LogisticsEff
. quietly xtreg ln公路运量源数据 ln地区生产总值_c i.年份, fe

. predict ln物流效率_c, residual

. quietly su ln物流效率_c

. replace ln物流效率_c = ln物流效率_c - r(mean)
(8 real changes made)

. 
. * 1.4 机制变量中心化
. local mech_vars_centered 产业结构高级化 第二产业占比

. foreach v of local mech_vars_centered {
  2.     capture confirm variable `v'
  3.     if _rc {
  4.         continue
  5.     }
  6.     capture confirm variable `v'_c
  7.     if _rc {
  8.         quietly su `v'
  9.         gen `v'_c = `v' - r(mean)
 10.     }
 11. }

. 
. *====================================================================
. * 2. 定义控制变量 (Define Controls)
. *====================================================================
. * 对应正文 Table 1 和 Table 2 的控制变量
. local controls_base "ln地区生产总值_c  第二产业占比_c ln物流效率_c 环境规则强度 产业结构高级化_c"

. 
. local __ctrl ""

. foreach v of local controls_base {
  2.     capture confirm variable `v'
  3.     if !_rc local __ctrl "`__ctrl' `v'"
  4.     else di as error "WARNING: 控制变量不存在 -> `v'"
  5. }

. 
. global controls "`__ctrl'"

. global fe_controls "i.年份"

. 
. di as txt ">>> controls      = $controls"
>>> controls      =  ln地区生产总值_c 第二产业占比_c ln物流效率_c 环境规则强度 产业结构高级化_c

. di as txt ">>> fe_controls   = $fe_controls"
>>> fe_controls   = i.年份

. 
. *====================================================================
. * 3. 定义程序 (Programs Definition)
. * 核心程序：mk_basis_z (生成权重和核心解释变量)
. * 辅助程序：mk_mech_z (生成机制交互项), run_xtreg (回归封装)
. *====================================================================
. 
. capture program drop mk_basis_z

. program define mk_basis_z
  1.     * 程序功能：根据权重类型(nested/geo/econ)和衰减参数(k)生成 DFz_Level 和 DFz_Contrast
.     syntax, k(real) [weight_type(string)]
  2.     if "`weight_type'" == "" local weight_type "nested"
  3.     
.     * 设置权重变量名
.     if "`weight_type'" == "nested" {
  4.         local wgz_var "广州嵌套权重"
  5.         local wsz_var "深圳嵌套权重"
  6.     }
  7.     else if "`weight_type'" == "geo" {
  8.         local wgz_var "广州地理距离权重"
  9.         local wsz_var "深圳地理距离权重"
 10.     }
 11.     else if "`weight_type'" == "econ" {
 12.         local wgz_var "广州经济距离权重"
 13.         local wsz_var "深圳经济距离权重"
 14.     }
 15.     
.     * 生成归一化权重
.     tempvar Wgz_pow min_gz max_gz range_gz
 16.     quietly {
 17.         bysort 年份: egen `min_gz' = min(`wgz_var')
 18.         bysort 年份: egen `max_gz' = max(`wgz_var')
 19.         gen double `range_gz' = `max_gz' - `min_gz'
 20.         replace `range_gz' = 1 if `range_gz' < 1e-9
 21.         gen double `Wgz_pow' = ((`wgz_var' - `min_gz') / `range_gz')^`k'
 22.     }
 23.     
.     tempvar Wsz_pow min_sz max_sz range_sz
 24.     quietly {
 25.         bysort 年份: egen `min_sz' = min(`wsz_var')
 26.         bysort 年份: egen `max_sz' = max(`wsz_var')
 27.         gen double `range_sz' = `max_sz' - `min_sz'
 28.         replace `range_sz' = 1 if `range_sz' < 1e-9
 29.         gen double `Wsz_pow' = ((`wsz_var' - `min_sz') / `range_sz')^`k'
 30.     }
 31. 
.     * 构造 Level (协同) 和 Contrast (方向) 变量
.     capture drop DFz_Level DFz_Contrast L1_DFz_Level L1_DFz_Contrast
 32.     capture drop DFz_GZ DFz_SZ
 33.     
.     tempvar Level_Var Contrast_Var
 34.     gen double `Level_Var' = `Wgz_pow' + `Wsz_pow'
 35.     gen double `Contrast_Var' = (`Wsz_pow' - `Wgz_pow') / (`Level_Var' + 1e-6)
 36.     
.     gen double DFz_Level = lnDF_wc * `Level_Var'
 37.     gen double DFz_Contrast = lnDF_wc * `Contrast_Var'
 38.     
.     * 单核心变量 (用于单核模型检验)
.     gen double DFz_GZ = lnDF_wc * `Wgz_pow'
 39.     gen double DFz_SZ = lnDF_wc * `Wsz_pow'
 40.     
.     * 生成滞后项 (用于 GTFP 回归)
.     sort 代码 年份
 41.     by 代码: gen double L1_DFz_Level = DFz_Level[_n-1]
 42.     by 代码: gen double L1_DFz_Contrast = DFz_Contrast[_n-1]
 43. end

. 
. capture program drop mk_mech_z

. program define mk_mech_z
  1.     * 程序功能：生成机制变量与 Level/Contrast 的交互项
.     capture drop Level_mech_* Contrast_mech_* L1_Level_mech_* L1_Contrast_mech_*
  2.     local mech_vars ln物流效率_c ln风险投资额_c ln绿色专利_c 绿色金融_c 产业结构高级化_c 第二产业占比_c
  3.     foreach mech in `mech_vars' {
  4.         capture confirm variable `mech'
  5.         if _rc continue
  6.         
.         local mech_clean = subinstr("`mech'", " ", "_", .)
  7.         local mech_clean = subinstr("`mech_clean'", "-", "_", .)
  8.         quietly {
  9.             gen double Level_mech_`mech_clean' = DFz_Level * `mech'
 10.             gen double Contrast_mech_`mech_clean' = DFz_Contrast * `mech'
 11.             sort 代码 年份
 12.             by 代码: gen double L1_Level_mech_`mech_clean' = Level_mech_`mech_clean'[_n-1]
 13.             by 代码: gen double L1_Contrast_mech_`mech_clean' = Contrast_mech_`mech_clean'[_n-1]
 14.         }
 15.     }
 16. end

. 
. capture program drop get_mech_varlist

. program define get_mech_varlist, rclass
  1.     * 获取生成的交互项变量列表
.     local mech_base ln物流效率_c ln风险投资额_c ln绿色专利_c 绿色金融_c 产业结构高级化_c 第二产业占比_c
  2.     local energy_list ""
  3.     local gtfp_list ""
  4.     foreach v of local mech_base {
  5.         local v_clean = subinstr("`v'", " ", "_", .)
  6.         local v_clean = subinstr("`v_clean'", "-", "_", .)
  7.         capture confirm variable Level_mech_`v_clean'
  8.         if !_rc {
  9.             local energy_list `energy_list' Level_mech_`v_clean' Contrast_mech_`v_clean'
 10.             local gtfp_list `gtfp_list' L1_Level_mech_`v_clean' L1_Contrast_mech_`v_clean'
 11.         }
 12.     }
 13.     return local energy "`energy_list'"
 14.     return local gtfp "`gtfp_list'"
 15. end

. 
. capture program drop run_xtreg

. program define run_xtreg
  1.     * 通用固定效应回归程序
.     syntax, depvar(string) indepvars(string) [model_name(string) lag(string) sample(string)]
  2.     local new_indepvars `indepvars'
  3.     if "`lag'" == "L1" {
  4.         local new_indepvars = subinstr("`new_indepvars'", "DFz_Level", "L1_DFz_Level", .)
  5.         local new_indepvars = subinstr("`new_indepvars'", "DFz_Contrast", "L1_DFz_Contrast", .)
  6.     }
  7.     
.     if "`sample'" != "" {
  8.         xtreg `depvar' `new_indepvars' $controls $fe_controls if `sample', fe vce(cluster 代码)
  9.     }
 10.     else {
 11.         xtreg `depvar' `new_indepvars' $controls $fe_controls, fe vce(cluster 代码)
 12.     }
 13.     if "`model_name'" != "" estimates store `model_name'
 14. end

. 
. *====================================================================
. * 4. 正式分析：生成核心变量
. *====================================================================
. xtset 代码 年份

Panel variable: 代码 (strongly balanced)
 Time variable: 年份, 2011 to 2022
         Delta: 1 unit

. * 生成基准变量 (k=2, nested weights)
. mk_basis_z, k(2)
(21 missing values generated)
(21 missing values generated)

. mk_mech_z

. 
. *====================================================================
. * 【对应正文 Table 1】 描述性统计
. *====================================================================
. * 您的代码中有 tabstat 和 summarize，对应论文 Table 1 Descriptive Statistics
. tabstat ln能耗强度_c 绿色全要素BOM_c DFz_Level DFz_Contrast ln数字金融 ln地区生产总值 ln公路运量源数据_c ln风险投资额_c ln绿色专利_c 绿色金融_c 产业结构高级化_c, statistics(N mean sd min max) column
> s(statistics)

    Variable |         N      Mean        SD       Min       Max
-------------+--------------------------------------------------
ln能耗强度_c |       252  1.04e-08  .5041009 -.9314338  1.214343
绿色全要素~c |       252  1.36e-09  .1976591 -.2139213  .7225204
   DFz_Level |       252  3.00e-08  .2285055 -1.931602  .9172277
DFz_Contrast |       252  2.08e-09  .2265949 -.9812883  .9873091
  ln数字金融 |       252   5.23314  .4747905  3.752558  5.856404
 ln地区生~值 |       252  7.775153   .983585  6.155823  10.38553
ln公路运量~c |       252  7.05e-10  .7811948 -1.621729   2.33245
ln风险投资~c |       252 -3.49e-08  3.434303 -5.208355  6.655318
ln绿色专利_c |       252  6.55e-09  1.943832 -3.090535  5.267897
  绿色金融_c |       252 -9.19e-10  .0619665   -.10689   .233902
产业结构高~c |       252  6.56e-09  .3937025 -.6860914    1.6353
----------------------------------------------------------------

. 
. *====================================================================
. * 【对应正文 Table 2】 基准回归 (Baseline Results)
. *====================================================================
. * 模型(1)-(2): 考察 Level 和 Contrast 对能耗强度的影响
. * 注：论文中 Table 2 只有 EI (能耗强度) 的结果
. run_xtreg, depvar("ln能耗强度_c") indepvars("DFz_Level DFz_Contrast") model_name("T2_Mech_Energy")

Fixed-effects (within) regression               Number of obs     =        252
Group variable: 代码                            Number of groups  =         21

R-squared:                                      Obs per group:
     Within  = 0.3216                                         min =         12
     Between = 0.0085                                         avg =       12.0
     Overall = 0.0414                                         max =         12

                                                F(18,20)          =     646.13
corr(u_i, Xb) = -0.0836                         Prob > F          =     0.0000

                                      (Std. err. adjusted for 21 clusters in 代码)
----------------------------------------------------------------------------------
                 |               Robust
    ln能耗强度_c | Coefficient  std. err.      t    P>|t|     [95% conf. interval]
-----------------+----------------------------------------------------------------
       DFz_Level |  -.2560863     .07935    -3.23   0.004    -.4216075   -.0905651
    DFz_Contrast |   .0281754   .1518727     0.19   0.855    -.2886255    .3449764
ln地区生产总值_c |   -.011022   .4664511    -0.02   0.981     -.984022     .961978
  第二产业占比_c |  -1.018149   .7186113    -1.42   0.172    -2.517146    .4808482
    ln物流效率_c |    .190254   .1189278     1.60   0.125    -.0578252    .4383331
    环境规则强度 |   .0725811   .0627611     1.16   0.261    -.0583364    .2034985
产业结构高级化_c |  -.1440572   .1574206    -0.92   0.371    -.4724307    .1843164
                 |
            年份 |
           2012  |  -.0004286   .0687348    -0.01   0.995     -.143807    .1429498
           2013  |   .0316757   .1205522     0.26   0.795    -.2197919    .2831432
           2014  |   .0547993   .1551864     0.35   0.728    -.2689138    .3785125
           2015  |   .0945241   .1873925     0.50   0.619    -.2963699    .4854181
           2016  |   .1205121   .2334495     0.52   0.611     -.366455    .6074792
           2017  |   .1081932   .2792726     0.39   0.703    -.4743593    .6907457
           2018  |   .1701813   .3118532     0.55   0.591     -.480333    .8206956
           2019  |   .1486815   .3463513     0.43   0.672    -.5737945    .8711576
           2020  |   .2523475   .3582159     0.70   0.489    -.4948779    .9995729
           2021  |    .368259   .4135103     0.89   0.384    -.4943083    1.230826
           2022  |   .1359346   .4370633     0.31   0.759    -.7757635    1.047633
                 |
           _cons |  -.1867643   .2445674    -0.76   0.454     -.696923    .3233945
-----------------+----------------------------------------------------------------
         sigma_u |  .48346632
         sigma_e |  .15973967
             rho |  .90157713   (fraction of variance due to u_i)
----------------------------------------------------------------------------------

. 
. * 补充：GTFP 的回归
. get_mech_varlist

. local gtfp_mech `r(gtfp)'

. run_xtreg, depvar("绿色全要素BOM_c") indepvars("DFz_Level DFz_Contrast `gtfp_mech'") lag("L1") model_name("T2_Mech_GTFP")

Fixed-effects (within) regression               Number of obs     =        231
Group variable: 代码                            Number of groups  =         21

R-squared:                                      Obs per group:
     Within  = 0.4781                                         min =         11
     Between = 0.4324                                         avg =       11.0
     Overall = 0.4346                                         max =         11

                                                F(20,20)          =          .
corr(u_i, Xb) = -0.3320                         Prob > F          =          .

                                                       (Std. err. adjusted for 21 clusters in 代码)
---------------------------------------------------------------------------------------------------
                                  |               Robust
                  绿色全要素BOM_c | Coefficient  std. err.      t    P>|t|     [95% conf. interval]
----------------------------------+----------------------------------------------------------------
                     L1_DFz_Level |    .151776   .1907678     0.80   0.436    -.2461587    .5497108
                  L1_DFz_Contrast |   .1448334   .0640262     2.26   0.035     .0112771    .2783897
       L1_Level_mech_ln物流效率_c |  -.0593706   .1624827    -0.37   0.719    -.3983036    .2795623
    L1_Contrast_mech_ln物流效率_c |  -.1340251   .1109373    -1.21   0.241    -.3654362     .097386
     L1_Level_mech_ln风险投资额_c |  -.0183508   .0618993    -0.30   0.770    -.1474704    .1107688
  L1_Contrast_mech_ln风险投资额_c |  -.0473502   .0382933    -1.24   0.231    -.1272286    .0325281
       L1_Level_mech_ln绿色专利_c |   .1164334   .1347324     0.86   0.398    -.1646134    .3974802
    L1_Contrast_mech_ln绿色专利_c |  -.0075646   .0715403    -0.11   0.917    -.1567952    .1416659
         L1_Level_mech_绿色金融_c |   3.440406   .9925411     3.47   0.002     1.370002    5.510811
      L1_Contrast_mech_绿色金融_c |  -.8086743   1.456247    -0.56   0.585    -3.846353    2.229004
   L1_Level_mech_产业结构高级化_c |  -.7374912   .4521561    -1.63   0.119    -1.680672    .2056899
L1_Contrast_mech_产业结构高级化_c |   .4525249   .4087239     1.11   0.281    -.4000582    1.305108
     L1_Level_mech_第二产业占比_c |  -5.364744   1.772897    -3.03   0.007    -9.062941   -1.666546
  L1_Contrast_mech_第二产业占比_c |  -.8090383    1.58587    -0.51   0.616    -4.117105    2.499028
                 ln地区生产总值_c |   .1489752   .1418161     1.05   0.306    -.1468479    .4447983
                   第二产业占比_c |  -1.469977   .9400711    -1.56   0.134    -3.430931    .4909773
                     ln物流效率_c |  -.0537055   .0343977    -1.56   0.134    -.1254578    .0180469
                     环境规则强度 |   .0279023   .0449558     0.62   0.542    -.0658737    .1216784
                 产业结构高级化_c |   .0130514   .0896964     0.15   0.886     -.174052    .2001547
                                  |
                             年份 |
                            2013  |   .0247021   .0310289     0.80   0.435    -.0400232    .0894273
                            2014  |   .0407972   .0498557     0.82   0.423    -.0632001    .1447944
                            2015  |   .0504283    .048289     1.04   0.309    -.0503007    .1511573
                            2016  |   .0373625   .0719777     0.52   0.609    -.1127803    .1875053
                            2017  |   -.022001   .0743995    -0.30   0.770    -.1771958    .1331937
                            2018  |  -.0349408   .0890789    -0.39   0.699    -.2207562    .1508745
                            2019  |  -.0835072   .0919727    -0.91   0.375    -.2753589    .1083445
                            2020  |  -.0914956   .0972237    -0.94   0.358    -.2943006    .1113094
                            2021  |  -.0415304   .1178372    -0.35   0.728    -.2873346    .2042737
                            2022  |  -.0874362   .1227538    -0.71   0.485    -.3434962    .1686238
                                  |
                            _cons |   -.046848    .068807    -0.68   0.504     -.190377     .096681
----------------------------------+----------------------------------------------------------------
                          sigma_u |  .13931526
                          sigma_e |  .08673362
                              rho |  .72067163   (fraction of variance due to u_i)
---------------------------------------------------------------------------------------------------

. 
. 
. *====================================================================
. * 【对应正文 Table 3】 空间异质性 (Spatial Heterogeneity)
. * G1: 深圳核心区, G2: 广州核心区, G3: 其他城市
. *====================================================================
. capture drop region_group

. * 定义分组 (根据城市代码)
. gen region_group = 1 if inlist(代码, 3, 11, 4) // Shenzhen Influence
(216 missing values generated)

. replace region_group = 2 if inlist(代码, 1, 6, 18, 17) // Guangzhou Influence
(48 real changes made)

. replace region_group = 3 if missing(region_group)
(168 real changes made)

. 
. foreach g in 1 2 3 {
  2.     * 回归结果对应 Table 3 的 G1, G2, G3 列
.     run_xtreg, depvar("ln能耗强度_c") indepvars("DFz_Level DFz_Contrast") model_name("T3_Energy_G`g'") sample("region_group==`g'")
  3. }

Fixed-effects (within) regression               Number of obs     =         36
Group variable: 代码                            Number of groups  =          3

R-squared:                                      Obs per group:
     Within  = 0.8899                                         min =         12
     Between = 0.0039                                         avg =       12.0
     Overall = 0.0000                                         max =         12

                                                F(2,2)            =          .
corr(u_i, Xb) = -0.9094                         Prob > F          =          .

                                       (Std. err. adjusted for 3 clusters in 代码)
----------------------------------------------------------------------------------
                 |               Robust
    ln能耗强度_c | Coefficient  std. err.      t    P>|t|     [95% conf. interval]
-----------------+----------------------------------------------------------------
       DFz_Level |  -.0699225   .3477201    -0.20   0.859    -1.566041    1.426196
    DFz_Contrast |   .3740009   .1051836     3.56   0.071    -.0785678    .8265696
ln地区生产总值_c |  -.6564776   .9762161    -0.67   0.571    -4.856797    3.543841
  第二产业占比_c |   3.072072   1.829646     1.68   0.235    -4.800259     10.9444
    ln物流效率_c |  -.1273988   .0601999    -2.12   0.169     -.386418    .1316203
    环境规则强度 |  -.0497007   .1024366    -0.49   0.675    -.4904496    .3910482
产业结构高级化_c |   -.295898   .1989073    -1.49   0.275    -1.151727    .5599311
                 |
            年份 |
           2012  |    .160032   .1429974     1.12   0.379    -.4552363    .7753004
           2013  |   .2583237    .284722     0.91   0.460    -.9667361    1.483383
           2014  |   .5198258   .4130701     1.26   0.335    -1.257471    2.297123
           2015  |   .6808558   .4997625     1.36   0.306    -1.469449     2.83116
           2016  |   .8336917    .625669     1.33   0.314    -1.858345    3.525728
           2017  |   .7631127   .8563425     0.89   0.467    -2.921432    4.447657
           2018  |   .8905157   .9249332     0.96   0.437    -3.089151    4.870182
           2019  |   .9846842   1.033861     0.95   0.441    -3.463662     5.43303
           2020  |   1.102799   1.061787     1.04   0.408    -3.465702      5.6713
           2021  |   1.210671   1.194822     1.01   0.418    -3.930232    6.351574
           2022  |    .790736   1.271791     0.62   0.598    -4.681337    6.262809
                 |
           _cons |   .0735556   .0485132     1.52   0.269    -.1351797     .282291
-----------------+----------------------------------------------------------------
         sigma_u |   1.168484
         sigma_e |  .07713782
             rho |  .99566089   (fraction of variance due to u_i)
----------------------------------------------------------------------------------

Fixed-effects (within) regression               Number of obs     =         48
Group variable: 代码                            Number of groups  =          4

R-squared:                                      Obs per group:
     Within  = 0.9952                                         min =         12
     Between = 0.8102                                         avg =       12.0
     Overall = 0.4443                                         max =         12

                                                F(4,3)            =          .
corr(u_i, Xb) = 0.2841                          Prob > F          =          .

                                       (Std. err. adjusted for 4 clusters in 代码)
----------------------------------------------------------------------------------
                 |               Robust
    ln能耗强度_c | Coefficient  std. err.      t    P>|t|     [95% conf. interval]
-----------------+----------------------------------------------------------------
       DFz_Level |  -.0344402   .0042637    -8.08   0.004    -.0480093   -.0208712
    DFz_Contrast |   .0478924   .0018419    26.00   0.000     .0420307    .0537541
ln地区生产总值_c |   .0422723   .0147762     2.86   0.065    -.0047523    .0892969
  第二产业占比_c |  -.2360647   .0365878    -6.45   0.008    -.3525035   -.1196258
    ln物流效率_c |   .0092402   .0072119     1.28   0.290    -.0137113    .0321916
    环境规则强度 |   -.004233   .0218439    -0.19   0.859    -.0737501    .0652841
产业结构高级化_c |    .012526   .0150376     0.83   0.466    -.0353305    .0603825
                 |
            年份 |
           2012  |  -.1037626   .0242425    -4.28   0.023    -.1809131    -.026612
           2013  |    -.12798   .0179071    -7.15   0.006    -.1849686   -.0709915
           2014  |  -.0488162   .0061289    -7.96   0.004    -.0683212   -.0293113
           2015  |   -.045919   .0086838    -5.29   0.013    -.0735546   -.0182834
           2016  |  -.0274801   .0112868    -2.43   0.093    -.0633998    .0084395
           2017  |  -.2752678   .0097277   -28.30   0.000    -.3062257   -.2443099
           2018  |  -.2412721   .0055345   -43.59   0.000    -.2588852   -.2236589
           2019  |  -.3077337   .0118771   -25.91   0.000    -.3455319   -.2699355
           2020  |  -.2343757   .0183639   -12.76   0.001    -.2928177   -.1759337
           2021  |  -.2376708   .0092329   -25.74   0.000    -.2670541   -.2082876
           2022  |  -.6456172   .0150057   -43.02   0.000    -.6933719   -.5978624
                 |
           _cons |    .713706   .0132855    53.72   0.000     .6714256    .7559865
-----------------+----------------------------------------------------------------
         sigma_u |  .36446697
         sigma_e |  .01615835
             rho |  .99803833   (fraction of variance due to u_i)
----------------------------------------------------------------------------------

Fixed-effects (within) regression               Number of obs     =        168
Group variable: 代码                            Number of groups  =         14

R-squared:                                      Obs per group:
     Within  = 0.6013                                         min =         12
     Between = 0.6756                                         avg =       12.0
     Overall = 0.5270                                         max =         12

                                                F(13,13)          =          .
corr(u_i, Xb) = 0.3906                          Prob > F          =          .

                                      (Std. err. adjusted for 14 clusters in 代码)
----------------------------------------------------------------------------------
                 |               Robust
    ln能耗强度_c | Coefficient  std. err.      t    P>|t|     [95% conf. interval]
-----------------+----------------------------------------------------------------
       DFz_Level |   .0137638   .4530956     0.03   0.976    -.9650897    .9926172
    DFz_Contrast |   .2542076    .276227     0.92   0.374    -.3425445    .8509597
ln地区生产总值_c |   .2111966   .3701167     0.57   0.578     -.588392    1.010785
  第二产业占比_c |    1.12326     .70922     1.58   0.137    -.4089168    2.655437
    ln物流效率_c |  -.0178076   .1099923    -0.16   0.874    -.2554316    .2198165
    环境规则强度 |  -.0017831   .0548027    -0.03   0.975    -.1201771    .1166109
产业结构高级化_c |   .1830753   .1585182     1.15   0.269    -.1593824    .5255329
                 |
            年份 |
           2012  |    .019326   .0547325     0.35   0.730    -.0989164    .1375683
           2013  |    .029679   .0931541     0.32   0.755    -.1715681    .2309262
           2014  |  -.0122094   .0810222    -0.15   0.883    -.1872472    .1628283
           2015  |  -.0007478   .1026791    -0.01   0.994    -.2225724    .2210768
           2016  |   .0299118   .1242552     0.24   0.814    -.2385253    .2983488
           2017  |   .0806232   .1600211     0.50   0.623    -.2650814    .4263279
           2018  |   .1584359   .1834276     0.86   0.403    -.2378353    .5547072
           2019  |   .1752496   .2216226     0.79   0.443     -.303537    .6540362
           2020  |   .2906782   .2402104     1.21   0.248    -.2282649    .8096213
           2021  |   .4342092   .2808206     1.55   0.146    -.1724669    1.040885
           2022  |   .3023558    .303513     1.00   0.337    -.3533443    .9580558
                 |
           _cons |  -.2097884   .3318628    -0.63   0.538    -.9267345    .5071577
-----------------+----------------------------------------------------------------
         sigma_u |  .26488329
         sigma_e |  .13028413
             rho |  .80520408   (fraction of variance due to u_i)
----------------------------------------------------------------------------------

. 
. 
. *====================================================================
. * 【对应附录 Table B5】 时间异质性 (Temporal/Phase-Specific Effects)
. * Phase 1: 2011-2014, Phase 2: 2015-2018, Phase 3: 2019-2022
. * 注意：正文 4.2 节提及此结果，表格在附录 B Table B5
. *====================================================================
. capture drop period

. gen period = 1 if 年份 <= 2014
(168 missing values generated)

. replace period = 2 if 年份 >= 2015 & 年份 <= 2018
(84 real changes made)

. replace period = 3 if 年份 >= 2019
(84 real changes made)

. 
. foreach p in 1 2 3 {
  2.     run_xtreg, depvar("ln能耗强度_c") indepvars("DFz_Level DFz_Contrast") model_name("T5_Energy_P`p'") sample("period==`p'")
  3.     run_xtreg, depvar("绿色全要素BOM_c") indepvars("DFz_Level DFz_Contrast") lag("L1") model_name("T6_GTFP_P`p'") sample("period==`p'")
  4. }

Fixed-effects (within) regression               Number of obs     =         84
Group variable: 代码                            Number of groups  =         21

R-squared:                                      Obs per group:
     Within  = 0.1436                                         min =          4
     Between = 0.6470                                         avg =        4.0
     Overall = 0.6366                                         max =          4

                                                F(10,20)          =       3.41
corr(u_i, Xb) = 0.4833                          Prob > F          =     0.0093

                                      (Std. err. adjusted for 21 clusters in 代码)
----------------------------------------------------------------------------------
                 |               Robust
    ln能耗强度_c | Coefficient  std. err.      t    P>|t|     [95% conf. interval]
-----------------+----------------------------------------------------------------
       DFz_Level |  -.0971403   .0395857    -2.45   0.023    -.1797146    -.014566
    DFz_Contrast |   .0465477   .0398384     1.17   0.256    -.0365538    .1296492
ln地区生产总值_c |   .3732116   .3885045     0.96   0.348    -.4371945    1.183618
  第二产业占比_c |  -3.282027   1.789892    -1.83   0.082    -7.015677    .4516222
    ln物流效率_c |   .0269279   .0756412     0.36   0.726    -.1308569    .1847128
    环境规则强度 |  -.0895863   .0572141    -1.57   0.133    -.2089327    .0297601
产业结构高级化_c |  -.9229799   .4221833    -2.19   0.041    -1.803639   -.0423211
                 |
            年份 |
           2012  |  -.0353508   .0376619    -0.94   0.359    -.1139122    .0432106
           2013  |  -.0691857   .0778658    -0.89   0.385     -.231611    .0932396
           2014  |  -.0664117    .107912    -0.62   0.545    -.2915121    .1586887
                 |
           _cons |   .0754424    .210482     0.36   0.724    -.3636153    .5145001
-----------------+----------------------------------------------------------------
         sigma_u |  .37571175
         sigma_e |  .08536552
             rho |  .95090981   (fraction of variance due to u_i)
----------------------------------------------------------------------------------

Fixed-effects (within) regression               Number of obs     =         63
Group variable: 代码                            Number of groups  =         21

R-squared:                                      Obs per group:
     Within  = 0.5914                                         min =          3
     Between = 0.2763                                         avg =        3.0
     Overall = 0.2671                                         max =          3

                                                F(9,20)           =      11.07
corr(u_i, Xb) = -0.9043                         Prob > F          =     0.0000

                                      (Std. err. adjusted for 21 clusters in 代码)
----------------------------------------------------------------------------------
                 |               Robust
 绿色全要素BOM_c | Coefficient  std. err.      t    P>|t|     [95% conf. interval]
-----------------+----------------------------------------------------------------
    L1_DFz_Level |  -.5009051   .1300501    -3.85   0.001    -.7721848   -.2296255
 L1_DFz_Contrast |   .0043171   .0824453     0.05   0.959    -.1676608    .1762949
ln地区生产总值_c |   .5422628   .5601195     0.97   0.345     -.626126    1.710652
  第二产业占比_c |  -6.903133   5.233679    -1.32   0.202     -17.8204     4.01413
    ln物流效率_c |   .0574983    .085036     0.68   0.507    -.1198837    .2348803
    环境规则强度 |  -.0224924   .0723572    -0.31   0.759    -.1734269    .1284421
产业结构高级化_c |  -1.726628   1.358882    -1.27   0.218    -4.561207    1.107951
                 |
            年份 |
           2013  |  -.0148605   .0493204    -0.30   0.766    -.1177412    .0880201
           2014  |    .002434   .0981777     0.02   0.980    -.2023612    .2072292
                 |
           _cons |  -.0662792   .1899033    -0.35   0.731    -.4624105     .329852
-----------------+----------------------------------------------------------------
         sigma_u |  .33416235
         sigma_e |  .07184961
             rho |  .95581181   (fraction of variance due to u_i)
----------------------------------------------------------------------------------

Fixed-effects (within) regression               Number of obs     =         84
Group variable: 代码                            Number of groups  =         21

R-squared:                                      Obs per group:
     Within  = 0.3707                                         min =          4
     Between = 0.2561                                         avg =        4.0
     Overall = 0.2560                                         max =          4

                                                F(10,20)          =      14.72
corr(u_i, Xb) = -0.5964                         Prob > F          =     0.0000

                                      (Std. err. adjusted for 21 clusters in 代码)
----------------------------------------------------------------------------------
                 |               Robust
    ln能耗强度_c | Coefficient  std. err.      t    P>|t|     [95% conf. interval]
-----------------+----------------------------------------------------------------
       DFz_Level |  -.3793148   .3057666    -1.24   0.229    -1.017133     .258503
    DFz_Contrast |  -.3364928   .3872313    -0.87   0.395    -1.144243    .4712576
ln地区生产总值_c |   .2190479   .4377972     0.50   0.622    -.6941812    1.132277
  第二产业占比_c |  -.3956941   .7059788    -0.56   0.581     -1.86834    1.076952
    ln物流效率_c |   .8893408   .4363874     2.04   0.055    -.0209473    1.799629
    环境规则强度 |  -.0073379    .060952    -0.12   0.905    -.1344816    .1198057
产业结构高级化_c |   .1906945   .1924205     0.99   0.334    -.2106876    .5920767
                 |
            年份 |
           2016  |  -.0072716   .0497223    -0.15   0.885    -.1109905    .0964474
           2017  |  -.0844532   .1095816    -0.77   0.450    -.3130365    .1441301
           2018  |  -.0419328    .143481    -0.29   0.773    -.3412289    .2573633
                 |
           _cons |   .0076257   .0594821     0.13   0.899    -.1164519    .1317033
-----------------+----------------------------------------------------------------
         sigma_u |  .57224192
         sigma_e |  .09419578
             rho |  .97361892   (fraction of variance due to u_i)
----------------------------------------------------------------------------------

Fixed-effects (within) regression               Number of obs     =         84
Group variable: 代码                            Number of groups  =         21

R-squared:                                      Obs per group:
     Within  = 0.2045                                         min =          4
     Between = 0.1327                                         avg =        4.0
     Overall = 0.0938                                         max =          4

                                                F(10,20)          =       5.15
corr(u_i, Xb) = -0.7926                         Prob > F          =     0.0009

                                      (Std. err. adjusted for 21 clusters in 代码)
----------------------------------------------------------------------------------
                 |               Robust
 绿色全要素BOM_c | Coefficient  std. err.      t    P>|t|     [95% conf. interval]
-----------------+----------------------------------------------------------------
    L1_DFz_Level |  -.0844291   .1276054    -0.66   0.516    -.3506093    .1817512
 L1_DFz_Contrast |   .4749598   .1537656     3.09   0.006     .1542103    .7957092
ln地区生产总值_c |   -.047504   .1748222    -0.27   0.789    -.4121768    .3171688
  第二产业占比_c |   .1366708   .4354847     0.31   0.757    -.7717344    1.045076
    ln物流效率_c |  -.2581724   .2536117    -1.02   0.321    -.7871972    .2708523
    环境规则强度 |   .0077311   .1043728     0.07   0.942    -.2099867     .225449
产业结构高级化_c |  -.0188926   .0914236    -0.21   0.838    -.2095989    .1718137
                 |
            年份 |
           2016  |   .0503625    .039762     1.27   0.220    -.0325796    .1333045
           2017  |   .0473058   .0487134     0.97   0.343    -.0543086    .1489202
           2018  |   .0964778   .0774246     1.25   0.227    -.0650271    .2579827
                 |
           _cons |  -.0572899   .0791377    -0.72   0.477    -.2223683    .1077885
-----------------+----------------------------------------------------------------
         sigma_u |  .28154539
         sigma_e |  .07324258
             rho |  .93661431   (fraction of variance due to u_i)
----------------------------------------------------------------------------------

Fixed-effects (within) regression               Number of obs     =         84
Group variable: 代码                            Number of groups  =         21

R-squared:                                      Obs per group:
     Within  = 0.5684                                         min =          4
     Between = 0.4745                                         avg =        4.0
     Overall = 0.3836                                         max =          4

                                                F(10,20)          =      16.11
corr(u_i, Xb) = -0.9805                         Prob > F          =     0.0000

                                      (Std. err. adjusted for 21 clusters in 代码)
----------------------------------------------------------------------------------
                 |               Robust
    ln能耗强度_c | Coefficient  std. err.      t    P>|t|     [95% conf. interval]
-----------------+----------------------------------------------------------------
       DFz_Level |  -1.055335   .3176121    -3.32   0.003    -1.717863   -.3928083
    DFz_Contrast |  -1.448443   .6836702    -2.12   0.047    -2.874554   -.0223321
ln地区生产总值_c |  -1.129399   1.476297    -0.77   0.453    -4.208901    1.950103
  第二产业占比_c |   .6008928   2.602841     0.23   0.820    -4.828539    6.030325
    ln物流效率_c |  -.0019119   .0584479    -0.03   0.974    -.1238321    .1200084
    环境规则强度 |   .0350984   .1069836     0.33   0.746    -.1880655    .2582624
产业结构高级化_c |  -.6987484   .5091269    -1.37   0.185    -1.760768    .3632717
                 |
            年份 |
           2020  |    .137118   .0653591     2.10   0.049     .0007813    .2734547
           2021  |   .2782087   .2204358     1.26   0.221    -.1816124    .7380298
           2022  |   .0826979   .2604306     0.32   0.754    -.4605509    .6259467
                 |
           _cons |   .3213663   .3459239     0.93   0.364    -.4002182    1.042951
-----------------+----------------------------------------------------------------
         sigma_u |  1.6454169
         sigma_e |  .12284008
             rho |  .99445739   (fraction of variance due to u_i)
----------------------------------------------------------------------------------

Fixed-effects (within) regression               Number of obs     =         84
Group variable: 代码                            Number of groups  =         21

R-squared:                                      Obs per group:
     Within  = 0.4154                                         min =          4
     Between = 0.2664                                         avg =        4.0
     Overall = 0.2260                                         max =          4

                                                F(10,20)          =       3.33
corr(u_i, Xb) = -0.9465                         Prob > F          =     0.0107

                                      (Std. err. adjusted for 21 clusters in 代码)
----------------------------------------------------------------------------------
                 |               Robust
 绿色全要素BOM_c | Coefficient  std. err.      t    P>|t|     [95% conf. interval]
-----------------+----------------------------------------------------------------
    L1_DFz_Level |  -.4084678    .141524    -2.89   0.009    -.7036817   -.1132539
 L1_DFz_Contrast |   .9147016   .2595588     3.52   0.002     .3732714    1.456132
ln地区生产总值_c |  -.4693755   .8666135    -0.54   0.594    -2.277099    1.338349
  第二产业占比_c |  -.2527059   1.534999    -0.16   0.871    -3.454657    2.949246
    ln物流效率_c |   -.022336   .0439207    -0.51   0.617     -.113953    .0692809
    环境规则强度 |  -.0783161   .0407462    -1.92   0.069    -.1633112    .0066789
产业结构高级化_c |   .0704582    .315411     0.22   0.826    -.5874777    .7283941
                 |
            年份 |
           2020  |   .0247224   .0342457     0.72   0.479    -.0467129    .0961577
           2021  |   .1728942   .1551779     1.11   0.278    -.1508013    .4965897
           2022  |   .2449178   .1876203     1.31   0.207    -.1464513    .6362869
                 |
           _cons |   .2357594   .1652215     1.43   0.169    -.1088865    .5804054
-----------------+----------------------------------------------------------------
         sigma_u |  .61159204
         sigma_e |  .06247933
             rho |  .98967143   (fraction of variance due to u_i)
----------------------------------------------------------------------------------

. 
. 
. *====================================================================
. * 【对应正文 Table 4】 机制检验 (Institutional Mechanisms)
. * 考察 VC (市场逻辑) 和 GF (政策逻辑) 的调节作用
. * 注：此处代码使用了交互项回归
. *====================================================================
. * 准备交互项 (需确保 mk_mech_z 已运行)
. get_mech_varlist

. local energy_mech `r(energy)'

. 
. * 运行带有所有机制交互项的模型 (Table 4 展示了 VC 和 GF 的列)
. * 这里分别展示特定的机制
. * Table 4 Column 1: VC (ln风险投资额)
. xtreg ln能耗强度_c DFz_Level DFz_Contrast Level_mech_ln风险投资额_c Contrast_mech_ln风险投资额_c $controls $fe_controls, fe vce(cluster 代码)

Fixed-effects (within) regression               Number of obs     =        252
Group variable: 代码                            Number of groups  =         21

R-squared:                                      Obs per group:
     Within  = 0.4461                                         min =         12
     Between = 0.0281                                         avg =       12.0
     Overall = 0.0801                                         max =         12

                                                F(20,20)          =      55.69
corr(u_i, Xb) = 0.0137                          Prob > F          =     0.0000

                                                  (Std. err. adjusted for 21 clusters in 代码)
----------------------------------------------------------------------------------------------
                             |               Robust
                ln能耗强度_c | Coefficient  std. err.      t    P>|t|     [95% conf. interval]
-----------------------------+----------------------------------------------------------------
                   DFz_Level |   .1475203   .0884364     1.67   0.111    -.0369549    .3319954
                DFz_Contrast |   .1436798   .0894546     1.61   0.124    -.0429191    .3302788
   Level_mech_ln风险投资额_c |  -.2199059   .0329976    -6.66   0.000    -.2887377   -.1510742
Contrast_mech_ln风险投资额_c |   -.012003   .0275007    -0.44   0.667    -.0693686    .0453625
            ln地区生产总值_c |   .0164097   .3773956     0.04   0.966    -.7708237    .8036431
              第二产业占比_c |  -.6671193   .5610735    -1.19   0.248    -1.837498    .5032594
                ln物流效率_c |   .1481996   .1044553     1.42   0.171    -.0696903    .3660894
                环境规则强度 |   .0599716   .0444734     1.35   0.193    -.0327983    .1527415
            产业结构高级化_c |  -.2706193   .1423287    -1.90   0.072    -.5675117    .0262732
                             |
                        年份 |
                       2012  |  -.0127243   .0605021    -0.21   0.836    -.1389296    .1134809
                       2013  |  -.0069871   .1010943    -0.07   0.946    -.2178661     .203892
                       2014  |   .0052641   .1203463     0.04   0.966    -.2457739     .256302
                       2015  |   .0457235   .1468104     0.31   0.759    -.2605177    .3519646
                       2016  |   .0831343   .1843964     0.45   0.657    -.3015098    .4677784
                       2017  |   .1007962   .2284357     0.44   0.664    -.3757124    .5773047
                       2018  |   .1604931   .2595903     0.62   0.543    -.3810029     .701989
                       2019  |   .1562154   .2935556     0.53   0.600    -.4561308    .7685616
                       2020  |   .2544322   .3068301     0.83   0.417    -.3856043    .8944686
                       2021  |   .3471241    .353295     0.98   0.338    -.3898364    1.084085
                       2022  |    .119909   .3858699     0.31   0.759    -.6850015    .9248196
                             |
                       _cons |  -.1409179   .1920391    -0.73   0.472    -.5415045    .2596686
-----------------------------+----------------------------------------------------------------
                     sigma_u |  .47542676
                     sigma_e |  .14502223
                         rho |  .91487382   (fraction of variance due to u_i)
----------------------------------------------------------------------------------------------

. estimates store Mech_VC

. 
. * Table 4 Column 2: GF (绿色金融)
. xtreg ln能耗强度_c DFz_Level DFz_Contrast Level_mech_绿色金融_c Contrast_mech_绿色金融_c $controls $fe_controls, fe vce(cluster 代码)

Fixed-effects (within) regression               Number of obs     =        252
Group variable: 代码                            Number of groups  =         21

R-squared:                                      Obs per group:
     Within  = 0.3638                                         min =         12
     Between = 0.1397                                         avg =       12.0
     Overall = 0.1574                                         max =         12

                                                F(20,20)          =   75786.56
corr(u_i, Xb) = 0.1128                          Prob > F          =     0.0000

                                              (Std. err. adjusted for 21 clusters in 代码)
------------------------------------------------------------------------------------------
                         |               Robust
            ln能耗强度_c | Coefficient  std. err.      t    P>|t|     [95% conf. interval]
-------------------------+----------------------------------------------------------------
               DFz_Level |  -.4309749    .116542    -3.70   0.001    -.6740774   -.1878725
            DFz_Contrast |   .0495837   .1105221     0.45   0.659    -.1809613    .2801288
   Level_mech_绿色金融_c |  -4.958963   1.715447    -2.89   0.009    -8.537323   -1.380603
Contrast_mech_绿色金融_c |  -.5661848   2.661524    -0.21   0.834    -6.118028    4.985658
        ln地区生产总值_c |   .0210203    .396602     0.05   0.958     -.806277    .8483176
          第二产业占比_c |  -.0680344   .8823972    -0.08   0.939    -1.908683    1.772614
            ln物流效率_c |   .1880837   .1145953     1.64   0.116     -.050958    .4271253
            环境规则强度 |   .0872046   .0637696     1.37   0.187    -.0458165    .2202258
        产业结构高级化_c |   -.012395      .1927    -0.06   0.949    -.4143603    .3895702
                         |
                    年份 |
                   2012  |  -.0266978   .0642288    -0.42   0.682    -.1606768    .1072812
                   2013  |  -.0100999   .1077354    -0.09   0.926     -.234832    .2146322
                   2014  |   .0053998   .1347373     0.04   0.968    -.2756572    .2864568
                   2015  |   .0450229   .1602092     0.28   0.782    -.2891676    .3792134
                   2016  |   .0749245   .1952468     0.38   0.705    -.3323531    .4822021
                   2017  |   .0651766   .2339954     0.28   0.783    -.4229292    .5532825
                   2018  |   .1373671   .2640693     0.52   0.609    -.4134717    .6882059
                   2019  |   .1406832   .2951868     0.48   0.639    -.4750657    .7564321
                   2020  |   .2651792    .306342     0.87   0.397    -.3738391    .9041975
                   2021  |   .3906025   .3535871     1.10   0.282    -.3469673    1.128172
                   2022  |   .1687558    .374778     0.45   0.657    -.6130173    .9505289
                         |
                   _cons |  -.1545379   .2109619    -0.73   0.472    -.5945967    .2855209
-------------------------+----------------------------------------------------------------
                 sigma_u |  .45312554
                 sigma_e |  .15541468
                     rho |  .89474423   (fraction of variance due to u_i)
------------------------------------------------------------------------------------------

. estimates store Mech_GF

. 
. 
. *====================================================================
. * 【对应附录 Table D1】 其他机制检验 (Technical & Efficiency)
. *====================================================================
. * Appendix D Table D1 Column 1: Green Patents (ln绿色专利)
. xtreg ln能耗强度_c DFz_Level DFz_Contrast Level_mech_ln绿色专利_c Contrast_mech_ln绿色专利_c $controls $fe_controls, fe vce(cluster 代码)

Fixed-effects (within) regression               Number of obs     =        252
Group variable: 代码                            Number of groups  =         21

R-squared:                                      Obs per group:
     Within  = 0.4190                                         min =         12
     Between = 0.2106                                         avg =       12.0
     Overall = 0.1725                                         max =         12

                                                F(20,20)          =     820.62
corr(u_i, Xb) = 0.1692                          Prob > F          =     0.0000

                                                (Std. err. adjusted for 21 clusters in 代码)
--------------------------------------------------------------------------------------------
                           |               Robust
              ln能耗强度_c | Coefficient  std. err.      t    P>|t|     [95% conf. interval]
---------------------------+----------------------------------------------------------------
                 DFz_Level |   .0849173   .1405014     0.60   0.552    -.2081635     .377998
              DFz_Contrast |   .1401279   .1350631     1.04   0.312    -.1416088    .4218646
   Level_mech_ln绿色专利_c |  -.2852087    .092565    -3.08   0.006    -.4782959   -.0921214
Contrast_mech_ln绿色专利_c |  -.0112471   .0603075    -0.19   0.854    -.1370463    .1145522
          ln地区生产总值_c |   .0410105   .4560087     0.09   0.929    -.9102071     .992228
            第二产业占比_c |  -.2958933    .674874    -0.44   0.666    -1.703656    1.111869
              ln物流效率_c |   .1355819   .1184282     1.14   0.266     -.111455    .3826188
              环境规则强度 |   .0569879   .0504938     1.13   0.272    -.0483403    .1623161
          产业结构高级化_c |  -.2397247   .1648372    -1.45   0.161    -.5835692    .1041197
                           |
                      年份 |
                     2012  |  -.0895761    .074208    -1.21   0.241    -.2443712    .0652189
                     2013  |  -.0920522   .1246848    -0.74   0.469    -.3521402    .1680357
                     2014  |  -.0740017   .1507936    -0.49   0.629    -.3885516    .2405481
                     2015  |  -.0336737   .1845057    -0.18   0.857    -.4185458    .3511984
                     2016  |   .0076322   .2292958     0.03   0.974    -.4706705    .4859348
                     2017  |   .0142466    .284071     0.05   0.960    -.5783151    .6068083
                     2018  |   .0936464   .3211315     0.29   0.774    -.5762221    .7635149
                     2019  |   .0868223   .3594012     0.24   0.812    -.6628754    .8365199
                     2020  |   .1934986   .3740049     0.52   0.611    -.5866618    .9736591
                     2021  |   .3044874    .431015     0.71   0.488     -.594594    1.203569
                     2022  |   .0858029   .4656264     0.18   0.856    -.8854767    1.057083
                           |
                     _cons |  -.0625254   .2337751    -0.27   0.792    -.5501716    .4251209
---------------------------+----------------------------------------------------------------
                   sigma_u |   .4543657
                   sigma_e |  .14852805
                       rho |  .90345849   (fraction of variance due to u_i)
--------------------------------------------------------------------------------------------

. estimates store Mech_GPat

. 
. * Appendix D Table D1 Column 2: Logistics (ln物流效率)
. xtreg ln能耗强度_c DFz_Level DFz_Contrast Level_mech_ln物流效率_c Contrast_mech_ln物流效率_c $controls $fe_controls, fe vce(cluster 代码)

Fixed-effects (within) regression               Number of obs     =        252
Group variable: 代码                            Number of groups  =         21

R-squared:                                      Obs per group:
     Within  = 0.3703                                         min =         12
     Between = 0.5715                                         avg =       12.0
     Overall = 0.2856                                         max =         12

                                                F(20,20)          =     218.52
corr(u_i, Xb) = -0.7862                         Prob > F          =     0.0000

                                                (Std. err. adjusted for 21 clusters in 代码)
--------------------------------------------------------------------------------------------
                           |               Robust
              ln能耗强度_c | Coefficient  std. err.      t    P>|t|     [95% conf. interval]
---------------------------+----------------------------------------------------------------
                 DFz_Level |  -.3664515   .0863571    -4.24   0.000    -.5465893   -.1863137
              DFz_Contrast |   .1408891   .1736099     0.81   0.427    -.2212548     .503033
   Level_mech_ln物流效率_c |  -.6812243   .3071422    -2.22   0.038    -1.321912   -.0405368
Contrast_mech_ln物流效率_c |  -.2160311   .1788056    -1.21   0.241     -.589013    .1569508
          ln地区生产总值_c |  -.2296318    .439885    -0.52   0.607    -1.147216    .6879522
            第二产业占比_c |  -1.086279   .8102159    -1.34   0.195     -2.77636    .6038016
              ln物流效率_c |   .1855259   .1265539     1.47   0.158    -.0784609    .4495127
              环境规则强度 |   .0516856   .0510133     1.01   0.323    -.0547263    .1580976
          产业结构高级化_c |  -.1539313   .1380888    -1.11   0.278    -.4419795    .1341169
                           |
                      年份 |
                     2012  |   .0691396   .0702404     0.98   0.337    -.0773794    .2156586
                     2013  |   .1515877   .1234271     1.23   0.234    -.1058768    .4090522
                     2014  |   .2014079   .1582095     1.27   0.218    -.1286113    .5314271
                     2015  |    .266779   .1935491     1.38   0.183    -.1369573    .6705153
                     2016  |   .3201242   .2368151     1.35   0.192    -.1738634    .8141117
                     2017  |   .3326777   .2824521     1.18   0.253     -.256507    .9218624
                     2018  |   .4138294   .3138394     1.32   0.202    -.2408282    1.068487
                     2019  |   .4047686    .348335     1.16   0.259    -.3218455    1.131383
                     2020  |   .5145898   .3588036     1.43   0.167    -.2338614    1.263041
                     2021  |    .661959   .4070231     1.63   0.120    -.1870764    1.510994
                     2022  |   .4416844   .4219126     1.05   0.308    -.4384098    1.321779
                           |
                     _cons |  -.3660471   .2552554    -1.43   0.167    -.8985006    .1664063
---------------------------+----------------------------------------------------------------
                   sigma_u |  .66491996
                   sigma_e |  .15462753
                       rho |   .9486948   (fraction of variance due to u_i)
--------------------------------------------------------------------------------------------

. estimates store Mech_Logistics

. 
. 
. *====================================================================
. * 稳健性检验 (Robustness Checks) - 对应附录 C
. *====================================================================
. 
. * --- 【对应附录 Table C1】 子指标分解 (Sub-Index Decomposition) ---
. local sub_indices "ln数字广度 ln数字深度 ln电子化水平"

. local sub_names   "Breadth Depth Digitization"

. local n_sub : word count `sub_indices'

. 
. * 备份总指数
. clonevar lnDF_wc_backup = lnDF_wc

. 
. forvalues i = 1/`n_sub' {
  2.     local var : word `i' of `sub_indices'
  3.     local name : word `i' of `sub_names'
  4.     
.     capture confirm variable `var'
  5.     if !_rc {
  6.         di "Running Sub-index: `name'"
  7.         * 临时构造子指标的中心化变量
.         capture drop temp_mean
  8.         bysort 代码: egen temp_mean = mean(`var')
  9.         replace lnDF_wc = `var' - temp_mean
 10.         drop temp_mean
 11.         
.         * 重新生成 Level/Contrast
.         mk_basis_z, k(2)
 12.         
.         * 回归
.         run_xtreg, depvar("ln能耗强度_c") indepvars("DFz_Level DFz_Contrast") model_name("Sub_`name'")
 13.     }
 14. }
Running Sub-index: Breadth
(252 real changes made)
(21 missing values generated)
(21 missing values generated)

Fixed-effects (within) regression               Number of obs     =        252
Group variable: 代码                            Number of groups  =         21

R-squared:                                      Obs per group:
     Within  = 0.3138                                         min =         12
     Between = 0.0416                                         avg =       12.0
     Overall = 0.0756                                         max =         12

                                                F(18,20)          =     378.96
corr(u_i, Xb) = -0.0159                         Prob > F          =     0.0000

                                      (Std. err. adjusted for 21 clusters in 代码)
----------------------------------------------------------------------------------
                 |               Robust
    ln能耗强度_c | Coefficient  std. err.      t    P>|t|     [95% conf. interval]
-----------------+----------------------------------------------------------------
       DFz_Level |  -.2339993   .0774443    -3.02   0.007    -.3955454   -.0724533
    DFz_Contrast |  -.0184186   .1341683    -0.14   0.892    -.2982887    .2614516
ln地区生产总值_c |   .0015291    .477892     0.00   0.997    -.9953361    .9983944
  第二产业占比_c |  -.9450032    .724168    -1.30   0.207    -2.455591    .5655847
    ln物流效率_c |   .1870833   .1206816     1.55   0.137    -.0646541    .4388207
    环境规则强度 |   .0762942   .0635875     1.20   0.244    -.0563471    .2089355
产业结构高级化_c |  -.0993222   .1603853    -0.62   0.543    -.4338801    .2352357
                 |
            年份 |
           2012  |  -.0127773   .0677018    -0.19   0.852    -.1540009    .1284462
           2013  |   .0078391   .1183287     0.07   0.948    -.2389903    .2546684
           2014  |   .0366984   .1565355     0.23   0.817     -.289829    .3632258
           2015  |   .0642787   .1867008     0.34   0.734    -.3251724    .4537297
           2016  |   .0799629    .231717     0.35   0.734    -.4033903    .5633162
           2017  |   .0574761   .2761336     0.21   0.837    -.5185284    .6334806
           2018  |   .1174439   .3098454     0.38   0.709    -.5288823    .7637701
           2019  |   .0949805   .3451977     0.28   0.786    -.6250893    .8150503
           2020  |   .1986996    .356883     0.56   0.584    -.5457452    .9431445
           2021  |   .3153623   .4146013     0.76   0.456    -.5494809    1.180206
           2022  |   .0850053   .4391963     0.19   0.848    -.8311422    1.001153
                 |
           _cons |  -.1533468   .2428062    -0.63   0.535    -.6598318    .3531381
-----------------+----------------------------------------------------------------
         sigma_u |  .47204261
         sigma_e |  .16065597
             rho |  .89619166   (fraction of variance due to u_i)
----------------------------------------------------------------------------------
Running Sub-index: Depth
(252 real changes made)
(21 missing values generated)
(21 missing values generated)

Fixed-effects (within) regression               Number of obs     =        252
Group variable: 代码                            Number of groups  =         21

R-squared:                                      Obs per group:
     Within  = 0.3274                                         min =         12
     Between = 0.0313                                         avg =       12.0
     Overall = 0.0680                                         max =         12

                                                F(18,20)          =     564.56
corr(u_i, Xb) = -0.0217                         Prob > F          =     0.0000

                                      (Std. err. adjusted for 21 clusters in 代码)
----------------------------------------------------------------------------------
                 |               Robust
    ln能耗强度_c | Coefficient  std. err.      t    P>|t|     [95% conf. interval]
-----------------+----------------------------------------------------------------
       DFz_Level |  -.2731124    .084114    -3.25   0.004    -.4485711   -.0976537
    DFz_Contrast |   .0456653   .1604311     0.28   0.779    -.2889881    .3803186
ln地区生产总值_c |   .0019552   .4589811     0.00   0.997    -.9554626    .9593731
  第二产业占比_c |  -1.069898   .7044795    -1.52   0.144    -2.539416     .399621
    ln物流效率_c |   .1889813   .1162716     1.63   0.120     -.053557    .4315197
    环境规则强度 |   .0722058   .0625098     1.16   0.262    -.0581874     .202599
产业结构高级化_c |  -.1716816   .1551182    -1.11   0.282    -.4952525    .1518893
                 |
            年份 |
           2012  |  -.0022818    .065306    -0.03   0.972    -.1385077    .1339442
           2013  |   .0310805   .1160289     0.27   0.792    -.2109516    .2731126
           2014  |   .0369467   .1454128     0.25   0.802    -.2663791    .3402725
           2015  |    .077573   .1766586     0.44   0.665    -.2909304    .4460764
           2016  |   .1238408   .2267653     0.55   0.591    -.3491834     .596865
           2017  |   .1242028   .2752362     0.45   0.657    -.4499298    .6983354
           2018  |   .1784591   .3049903     0.59   0.565    -.4577394    .8146577
           2019  |    .155281   .3385992     0.46   0.651    -.5510245    .8615864
           2020  |   .2588933   .3504998     0.74   0.469    -.4722364     .990023
           2021  |   .3706809   .4038939     0.92   0.370    -.4718269    1.213189
           2022  |   .1269763   .4250703     0.30   0.768    -.7597048    1.013657
                 |
           _cons |   -.186186   .2386229    -0.78   0.444    -.6839448    .3115727
-----------------+----------------------------------------------------------------
         sigma_u |  .47470433
         sigma_e |  .15905533
             rho |  .89906513   (fraction of variance due to u_i)
----------------------------------------------------------------------------------
Running Sub-index: Digitization
(252 real changes made)
(21 missing values generated)
(21 missing values generated)

Fixed-effects (within) regression               Number of obs     =        252
Group variable: 代码                            Number of groups  =         21

R-squared:                                      Obs per group:
     Within  = 0.3304                                         min =         12
     Between = 0.0111                                         avg =       12.0
     Overall = 0.0059                                         max =         12

                                                F(18,20)          =     743.12
corr(u_i, Xb) = -0.2132                         Prob > F          =     0.0000

                                      (Std. err. adjusted for 21 clusters in 代码)
----------------------------------------------------------------------------------
                 |               Robust
    ln能耗强度_c | Coefficient  std. err.      t    P>|t|     [95% conf. interval]
-----------------+----------------------------------------------------------------
       DFz_Level |  -.2167327   .0725597    -2.99   0.007    -.3680895   -.0653759
    DFz_Contrast |   .0835336   .1381997     0.60   0.552     -.204746    .3718132
ln地区生产总值_c |   -.031153   .4361146    -0.07   0.944    -.9408721    .8785661
  第二产业占比_c |  -1.158543   .7356023    -1.57   0.131    -2.692982    .3758967
    ln物流效率_c |   .1923141   .1158511     1.66   0.113    -.0493471    .4339752
    环境规则强度 |   .0688608   .0611429     1.13   0.273     -.058681    .1964025
产业结构高级化_c |  -.1866793   .1613708    -1.16   0.261    -.5232929    .1499344
                 |
            年份 |
           2012  |   .0137752   .0680395     0.20   0.842    -.1281528    .1557032
           2013  |   .0632614   .1207401     0.52   0.606     -.188598    .3151208
           2014  |   .0743018   .1473017     0.50   0.619    -.2329642    .3815679
           2015  |   .1383734   .1836694     0.75   0.460    -.2447543    .5215011
           2016  |   .1589134   .2245281     0.71   0.487    -.3094439    .6272707
           2017  |   .1448885   .2682659     0.54   0.595    -.4147044    .7044814
           2018  |   .2151081   .3010277     0.71   0.483    -.4128246    .8430408
           2019  |   .1912731   .3330124     0.57   0.572    -.5033786    .8859249
           2020  |   .2910101   .3444713     0.84   0.408    -.4275445    1.009565
           2021  |   .4027758   .3943093     1.02   0.319    -.4197389     1.22529
           2022  |   .1730064   .4193984     0.41   0.684    -.7018433    1.047856
                 |
           _cons |  -.2153669   .2352687    -0.92   0.371    -.7061289    .2753951
-----------------+----------------------------------------------------------------
         sigma_u |  .50334389
         sigma_e |  .15869974
             rho |  .90958014   (fraction of variance due to u_i)
----------------------------------------------------------------------------------

. * 恢复总指数
. replace lnDF_wc = lnDF_wc_backup
(252 real changes made)

. mk_basis_z, k(2)
(21 missing values generated)
(21 missing values generated)

. 
. * --- 【对应附录 Table C2】 替代权重矩阵 (Alternative Weight Matrices) ---
. * Column 2: Geographic Weight
. mk_basis_z, k(2) weight_type("geo")
(21 missing values generated)
(21 missing values generated)

. run_xtreg, depvar("ln能耗强度_c") indepvars("DFz_Level DFz_Contrast") model_name("T11_Energy_Geo")

Fixed-effects (within) regression               Number of obs     =        252
Group variable: 代码                            Number of groups  =         21

R-squared:                                      Obs per group:
     Within  = 0.3576                                         min =         12
     Between = 0.0430                                         avg =       12.0
     Overall = 0.0812                                         max =         12

                                                F(18,20)          =     378.28
corr(u_i, Xb) = 0.0276                          Prob > F          =     0.0000

                                      (Std. err. adjusted for 21 clusters in 代码)
----------------------------------------------------------------------------------
                 |               Robust
    ln能耗强度_c | Coefficient  std. err.      t    P>|t|     [95% conf. interval]
-----------------+----------------------------------------------------------------
       DFz_Level |  -.3500311   .1189746    -2.94   0.008    -.5982078   -.1018544
    DFz_Contrast |   .0591816   .1486697     0.40   0.695     -.250938    .3693013
ln地区生产总值_c |   .0099001   .4318738     0.02   0.982    -.8909729    .9107731
  第二产业占比_c |  -1.018817   .6670212    -1.53   0.142    -2.410198    .3725652
    ln物流效率_c |   .1593508   .1144871     1.39   0.179     -.079465    .3981666
    环境规则强度 |      .0647   .0604018     1.07   0.297     -.061296     .190696
产业结构高级化_c |  -.2221625   .1588377    -1.40   0.177    -.5534921    .1091671
                 |
            年份 |
           2012  |   .0158453   .0670782     0.24   0.816    -.1240775     .155768
           2013  |   .0548973   .1162617     0.47   0.642    -.1876204     .297415
           2014  |   .0803047   .1484174     0.54   0.594    -.2292886     .389898
           2015  |   .1317291   .1801213     0.73   0.473    -.2439972    .5074555
           2016  |   .1664203   .2226991     0.75   0.464     -.298122    .6309626
           2017  |   .1647059   .2663256     0.62   0.543    -.3908395    .7202514
           2018  |   .2318865   .2964726     0.78   0.443    -.3865446    .8503176
           2019  |    .213269   .3291819     0.65   0.524    -.4733924    .8999305
           2020  |   .3179646   .3410508     0.93   0.362     -.393455    1.029384
           2021  |   .4274862   .3902472     1.10   0.286    -.3865551    1.241528
           2022  |   .1965752   .4119612     0.48   0.638    -.6627609    1.055911
                 |
           _cons |  -.2229528   .2342383    -0.95   0.353    -.7115653    .2656598
-----------------+----------------------------------------------------------------
         sigma_u |  .47212491
         sigma_e |  .15544482
             rho |  .90219947   (fraction of variance due to u_i)
----------------------------------------------------------------------------------

. 
. * Column 3: Economic Weight
. mk_basis_z, k(2) weight_type("econ")
(21 missing values generated)
(21 missing values generated)

. run_xtreg, depvar("ln能耗强度_c") indepvars("DFz_Level DFz_Contrast") model_name("T13_Energy_Econ")

Fixed-effects (within) regression               Number of obs     =        252
Group variable: 代码                            Number of groups  =         21

R-squared:                                      Obs per group:
     Within  = 0.4274                                         min =         12
     Between = 0.6850                                         avg =       12.0
     Overall = 0.6524                                         max =         12

                                                F(18,20)          =    2674.31
corr(u_i, Xb) = -0.1000                         Prob > F          =     0.0000

                                      (Std. err. adjusted for 21 clusters in 代码)
----------------------------------------------------------------------------------
                 |               Robust
    ln能耗强度_c | Coefficient  std. err.      t    P>|t|     [95% conf. interval]
-----------------+----------------------------------------------------------------
       DFz_Level |   .2908359   .0628264     4.63   0.000     .1597822    .4218895
    DFz_Contrast |   .1074671   .0334699     3.21   0.004     .0376502     .177284
ln地区生产总值_c |   .4358161   .2779605     1.57   0.133    -.1439993    1.015632
  第二产业占比_c |  -1.176364   .7302246    -1.61   0.123    -2.699585    .3468581
    ln物流效率_c |   .0817519   .1091268     0.75   0.462    -.1458826    .3093864
    环境规则强度 |   .0676677   .0464771     1.46   0.161     -.029282    .1646173
产业结构高级化_c |  -.1098141   .1254312    -0.88   0.392    -.3714591    .1518308
                 |
            年份 |
           2012  |  -.3072126   .0650605    -4.72   0.000    -.4429263   -.1714988
           2013  |  -.4842272   .1196382    -4.05   0.001    -.7337881   -.2346664
           2014  |  -.5395419   .1295487    -4.16   0.000    -.8097757   -.2693081
           2015  |  -.6254008   .1591508    -3.93   0.001    -.9573836   -.2934181
           2016  |  -.6989958   .1841007    -3.80   0.001    -1.083023   -.3149686
           2017  |  -.8220122   .2164236    -3.80   0.001    -1.273464   -.3705606
           2018  |  -.8211745   .2417519    -3.40   0.003     -1.32546   -.3168889
           2019  |   -.903339    .265234    -3.41   0.003    -1.456607   -.3500706
           2020  |  -.8349361   .2766782    -3.02   0.007    -1.412077   -.2577955
           2021  |  -.8192126   .3231956    -2.53   0.020    -1.493387   -.1450384
           2022  |  -1.072957   .3557616    -3.02   0.007    -1.815062    -.330851
                 |
           _cons |   .6019774   .1948019     3.09   0.006     .1956278    1.008327
-----------------+----------------------------------------------------------------
         sigma_u |  .27202134
         sigma_e |  .14674714
             rho |  .77457712   (fraction of variance due to u_i)
----------------------------------------------------------------------------------

. 
. * 恢复基准权重
. mk_basis_z, k(2)
(21 missing values generated)
(21 missing values generated)

. 
. * --- 【对应附录 Table C3】 空间衰减参数敏感性 (Decay Parameter k) ---
. * Column 1: k=1 (Linear)
. mk_basis_z, k(1)
(21 missing values generated)
(21 missing values generated)

. run_xtreg, depvar("ln能耗强度_c") indepvars("DFz_Level DFz_Contrast") model_name("T9_Energy_k1")

Fixed-effects (within) regression               Number of obs     =        252
Group variable: 代码                            Number of groups  =         21

R-squared:                                      Obs per group:
     Within  = 0.2995                                         min =         12
     Between = 0.0468                                         avg =       12.0
     Overall = 0.0775                                         max =         12

                                                F(18,20)          =     140.31
corr(u_i, Xb) = -0.0460                         Prob > F          =     0.0000

                                      (Std. err. adjusted for 21 clusters in 代码)
----------------------------------------------------------------------------------
                 |               Robust
    ln能耗强度_c | Coefficient  std. err.      t    P>|t|     [95% conf. interval]
-----------------+----------------------------------------------------------------
       DFz_Level |  -.1835442   .1160584    -1.58   0.129    -.4256378    .0585493
    DFz_Contrast |   .0416975   .2160179     0.19   0.849     -.408908    .4923029
ln地区生产总值_c |   .0073033    .439891     0.02   0.987    -.9102932    .9248999
  第二产业占比_c |  -1.168717   .7721424    -1.51   0.146    -2.779378    .4419442
    ln物流效率_c |   .2082126   .1158832     1.80   0.087    -.0335155    .4499406
    环境规则强度 |   .0769824   .0646106     1.19   0.247    -.0577928    .2117577
产业结构高级化_c |  -.0999117   .1699858    -0.59   0.563    -.4544959    .2546724
                 |
            年份 |
           2012  |   .0163781   .0713439     0.23   0.821    -.1324426    .1651988
           2013  |   .0596261   .1188422     0.50   0.621    -.1882743    .3075266
           2014  |   .0830199    .145291     0.57   0.574    -.2200518    .3860916
           2015  |   .1224877   .1735143     0.71   0.488    -.2394568    .4844321
           2016  |   .1454874   .2168701     0.67   0.510    -.3068956    .5978705
           2017  |   .1307638   .2610928     0.50   0.622    -.4138663    .6753939
           2018  |   .1893773   .2913158     0.65   0.523    -.4182969    .7970514
           2019  |   .1642374   .3225578     0.51   0.616    -.5086064    .8370812
           2020  |   .2678403   .3336673     0.80   0.432    -.4281776    .9638582
           2021  |   .3928401   .3870164     1.02   0.322    -.4144621    1.200142
           2022  |      .1598   .4146761     0.39   0.704    -.7051992    1.024799
                 |
           _cons |  -.2111853   .2230104    -0.95   0.355    -.6763768    .2540062
-----------------+----------------------------------------------------------------
         sigma_u |  .47144179
         sigma_e |  .16231601
             rho |  .89402221   (fraction of variance due to u_i)
----------------------------------------------------------------------------------

. 
. * Column 3: k=3 (Strong)
. mk_basis_z, k(3)
(21 missing values generated)
(21 missing values generated)

. run_xtreg, depvar("ln能耗强度_c") indepvars("DFz_Level DFz_Contrast") model_name("T9_Energy_k3")

Fixed-effects (within) regression               Number of obs     =        252
Group variable: 代码                            Number of groups  =         21

R-squared:                                      Obs per group:
     Within  = 0.3193                                         min =         12
     Between = 0.0145                                         avg =       12.0
     Overall = 0.0493                                         max =         12

                                                F(18,20)          =     364.83
corr(u_i, Xb) = -0.0616                         Prob > F          =     0.0000

                                      (Std. err. adjusted for 21 clusters in 代码)
----------------------------------------------------------------------------------
                 |               Robust
    ln能耗强度_c | Coefficient  std. err.      t    P>|t|     [95% conf. interval]
-----------------+----------------------------------------------------------------
       DFz_Level |  -.2465455   .0809788    -3.04   0.006    -.4154644   -.0776267
    DFz_Contrast |   .0104599   .1240595     0.08   0.934    -.2483238    .2692435
ln地区生产总值_c |  -.0103234   .4898294    -0.02   0.983     -1.03209    1.011443
  第二产业占比_c |  -.9227954   .7204128    -1.28   0.215     -2.42555    .5799594
    ln物流效率_c |   .1899488    .122595     1.55   0.137    -.0657799    .4456775
    环境规则强度 |   .0739776   .0617424     1.20   0.245    -.0548148    .2027699
产业结构高级化_c |  -.1267074   .1516994    -0.84   0.413    -.4431468     .189732
                 |
            年份 |
           2012  |   -.020654   .0721677    -0.29   0.778    -.1711932    .1298852
           2013  |  -.0010334     .12751    -0.01   0.994    -.2670146    .2649478
           2014  |   .0186323   .1643773     0.11   0.911    -.3242529    .3615174
           2015  |   .0508662   .1999537     0.25   0.802    -.3662299    .4679623
           2016  |   .0720957   .2490937     0.29   0.775    -.4475047    .5916962
           2017  |   .0537022   .2980406     0.18   0.859    -.5679995     .675404
           2018  |   .1135089   .3333205     0.34   0.737    -.5817855    .8088033
           2019  |   .0911893   .3700191     0.25   0.808    -.6806571    .8630357
           2020  |   .1938189   .3824321     0.51   0.618    -.6039206    .9915583
           2021  |   .3051365    .440932     0.69   0.497    -.6146317    1.224905
           2022  |   .0718318   .4656485     0.15   0.879     -.899494    1.043158
                 |
           _cons |  -.1433451   .2579366    -0.56   0.585    -.6813915    .3947013
-----------------+----------------------------------------------------------------
         sigma_u |  .48043816
         sigma_e |  .16001023
             rho |  .90015262   (fraction of variance due to u_i)
----------------------------------------------------------------------------------

. 
. * 恢复基准 k=2
. mk_basis_z, k(2)
(21 missing values generated)
(21 missing values generated)

. 
. * --- 【对应附录 Table C4】 剔除核心城市 (Excluding Cores) ---
. capture drop keep_flag

. gen keep_flag = 1

. replace keep_flag = 0 if 代码==1 | 代码==3 // 假设1为广州，3为深圳
(24 real changes made)

. run_xtreg, depvar("ln能耗强度_c") indepvars("DFz_Level DFz_Contrast") model_name("T7_Energy_NoCore") sample("keep_flag==1")

Fixed-effects (within) regression               Number of obs     =        228
Group variable: 代码                            Number of groups  =         19

R-squared:                                      Obs per group:
     Within  = 0.4276                                         min =         12
     Between = 0.6917                                         avg =       12.0
     Overall = 0.6402                                         max =         12

                                                F(18,18)          =    2955.25
corr(u_i, Xb) = 0.3756                          Prob > F          =     0.0000

                                      (Std. err. adjusted for 19 clusters in 代码)
----------------------------------------------------------------------------------
                 |               Robust
    ln能耗强度_c | Coefficient  std. err.      t    P>|t|     [95% conf. interval]
-----------------+----------------------------------------------------------------
       DFz_Level |  -.3074788   .0875324    -3.51   0.002    -.4913776   -.1235801
    DFz_Contrast |   .1453165   .2037683     0.71   0.485    -.2827847    .5734178
ln地区生产总值_c |   .3407435   .4237776     0.80   0.432    -.5495802    1.231067
  第二产业占比_c |  -.3102164   .8746053    -0.35   0.727    -2.147694    1.527261
    ln物流效率_c |   .1747315    .142562     1.23   0.236    -.1247802    .4742433
    环境规则强度 |    .040016    .052255     0.77   0.454    -.0697677    .1497997
产业结构高级化_c |   .0596191    .181555     0.33   0.746    -.3218138    .4410519
                 |
            年份 |
           2012  |   .0013748   .0663294     0.02   0.984    -.1379781    .1407277
           2013  |   .0123987   .1111639     0.11   0.912    -.2211479    .2459453
           2014  |   .0006194   .1361462     0.00   0.996    -.2854132    .2866521
           2015  |   .0202357   .1652358     0.12   0.904     -.326912    .3673833
           2016  |   .0251835   .2021422     0.12   0.902    -.3995015    .4498685
           2017  |  -.0025486   .2432053    -0.01   0.992    -.5135039    .5084068
           2018  |   .0461615   .2736801     0.17   0.868     -.528819     .621142
           2019  |   .0147944    .305582     0.05   0.962    -.6272097    .6567984
           2020  |   .1160161    .318975     0.36   0.720    -.5541256    .7861578
           2021  |   .2183984    .372288     0.59   0.565    -.5637497    1.000547
           2022  |   .0045494   .3985076     0.01   0.991    -.8326839    .8417827
                 |
           _cons |  -.0485099   .2908627    -0.17   0.869    -.6595898    .5625701
-----------------+----------------------------------------------------------------
         sigma_u |  .26215599
         sigma_e |  .14794556
             rho |  .75844821   (fraction of variance due to u_i)
----------------------------------------------------------------------------------

. 
. * --- 【对应附录 Table C5】 单核心模型 (Single-Core Models) ---
. * Column 2: GZ Single-Core (利用 mk_basis_z 生成的 DFz_GZ)
. xtreg ln能耗强度_c DFz_GZ $controls $fe_controls, fe vce(cluster 代码)

Fixed-effects (within) regression               Number of obs     =        252
Group variable: 代码                            Number of groups  =         21

R-squared:                                      Obs per group:
     Within  = 0.3368                                         min =         12
     Between = 0.0222                                         avg =       12.0
     Overall = 0.0030                                         max =         12

                                                F(17,20)          =      99.63
corr(u_i, Xb) = -0.2314                         Prob > F          =     0.0000

                                      (Std. err. adjusted for 21 clusters in 代码)
----------------------------------------------------------------------------------
                 |               Robust
    ln能耗强度_c | Coefficient  std. err.      t    P>|t|     [95% conf. interval]
-----------------+----------------------------------------------------------------
          DFz_GZ |  -.5536178   .1560707    -3.55   0.002    -.8791756   -.2280599
ln地区生产总值_c |  -.0366111   .4547626    -0.08   0.937    -.9852293     .912007
  第二产业占比_c |   -1.08011   .7671072    -1.41   0.174    -2.680268    .5200473
    ln物流效率_c |   .1868456    .110784     1.69   0.107    -.0442458    .4179369
    环境规则强度 |   .0684275   .0623917     1.10   0.286    -.0617194    .1985743
产业结构高级化_c |  -.1750516   .1816076    -0.96   0.347    -.5538784    .2037753
                 |
            年份 |
           2012  |   .0138245   .0565678     0.24   0.809    -.1041738    .1318228
           2013  |   .0552822   .1018234     0.54   0.593    -.1571178    .2676821
           2014  |   .0830904   .1352167     0.61   0.546    -.1989667    .3651475
           2015  |   .1303357   .1623718     0.80   0.432     -.208366    .4690373
           2016  |   .1629462   .2048134     0.80   0.436    -.2642871    .5901794
           2017  |   .1580972   .2484458     0.64   0.532    -.3601517     .676346
           2018  |   .2243011   .2796591     0.80   0.432    -.3590575    .8076597
           2019  |   .2054244   .3133022     0.66   0.520    -.4481127    .8589614
           2020  |   .3101132    .326168     0.95   0.353    -.3702613    .9904876
           2021  |   .4300411   .3768377     1.14   0.267    -.3560286    1.216111
           2022  |   .1997194   .3997686     0.50   0.623    -.6341833    1.033622
                 |
           _cons |  -.2238646   .2216419    -1.01   0.325    -.6862015    .2384724
-----------------+----------------------------------------------------------------
         sigma_u |  .50653157
         sigma_e |  .15756681
             rho |  .91177269   (fraction of variance due to u_i)
----------------------------------------------------------------------------------

. estimates store Single_GZ

. 
. * Column 3: SZ Single-Core
. xtreg ln能耗强度_c DFz_SZ $controls $fe_controls, fe vce(cluster 代码)

Fixed-effects (within) regression               Number of obs     =        252
Group variable: 代码                            Number of groups  =         21

R-squared:                                      Obs per group:
     Within  = 0.3008                                         min =         12
     Between = 0.1110                                         avg =       12.0
     Overall = 0.1329                                         max =         12

                                                F(17,20)          =      99.83
corr(u_i, Xb) = 0.0619                          Prob > F          =     0.0000

                                      (Std. err. adjusted for 21 clusters in 代码)
----------------------------------------------------------------------------------
                 |               Robust
    ln能耗强度_c | Coefficient  std. err.      t    P>|t|     [95% conf. interval]
-----------------+----------------------------------------------------------------
          DFz_SZ |   -.349174   .1744797    -2.00   0.059    -.7131323    .0147844
ln地区生产总值_c |   .0218596   .4675349     0.05   0.963    -.9534012    .9971203
  第二产业占比_c |  -.9464355   .7716113    -1.23   0.234    -2.555988    .6631174
    ln物流效率_c |    .192021    .114939     1.67   0.110    -.0477375    .4317795
    环境规则强度 |   .0788093   .0628783     1.25   0.225    -.0523525    .2099712
产业结构高级化_c |  -.0701138   .1975964    -0.35   0.726    -.4822926     .342065
                 |
            年份 |
           2012  |  -.0317977   .0548038    -0.58   0.568    -.1461164    .0825209
           2013  |  -.0190611   .1001662    -0.19   0.851    -.2280042     .189882
           2014  |  -.0045587   .1315198    -0.03   0.973    -.2789041    .2697867
           2015  |   .0177823   .1589895     0.11   0.912    -.3138639    .3494285
           2016  |   .0296917   .2026867     0.15   0.885    -.3931054    .4524887
           2017  |   .0009308   .2488244     0.00   0.997    -.5181078    .5199695
           2018  |   .0543435   .2816495     0.19   0.849    -.5331671    .6418541
           2019  |   .0268107   .3143972     0.09   0.933    -.6290102    .6826317
           2020  |   .1276812   .3269888     0.39   0.700    -.5544055     .809768
           2021  |   .2394827   .3814575     0.63   0.537    -.5562237    1.035189
           2022  |   .0040803   .4088963     0.01   0.992    -.8488624    .8570231
                 |
           _cons |   -.105566   .2150133    -0.49   0.629    -.5540759    .3429438
-----------------+----------------------------------------------------------------
         sigma_u |   .4559731
         sigma_e |  .16178751
             rho |   .8881816   (fraction of variance due to u_i)
----------------------------------------------------------------------------------

. estimates store Single_SZ

. 
. * --- 【对应附录 Table C6】 伪核心安慰剂检验 (Pseudo-Core Falsification) ---
. * 代码中包含对其他城市（佛山、汕头等）的循环检验部分
. mk_basis_z, k(2)
(21 missing values generated)
(21 missing values generated)

. local placebo_cities "佛山 汕头 珠海 韶关 湛江"

. foreach city of local placebo_cities {
  2.     local weight_var "`city'嵌套权重"
  3.     capture confirm variable `weight_var'
  4.     if !_rc {
  5.        
.         di "Pseudo Core Test: `city'"
  6.     }
  7. }
Pseudo Core Test: 佛山
Pseudo Core Test: 汕头
Pseudo Core Test: 珠海
Pseudo Core Test: 韶关
Pseudo Core Test: 湛江

. 
. * --- 【对应附录 Table C8】 内生性处理 (Endogeneity) ---
. * Column 1: Lagged Variables
. * Column 2: IV-2SLS 
. capture which ivreg2

. if !_rc {
.     * 生成工具变量 (L2, L3)
.     sort 代码 年份
.     capture gen double L2_DFz_Level = DFz_Level[_n-2]
.     capture gen double L2_DFz_Contrast = DFz_Contrast[_n-2]
.     capture gen double L3_DFz_Level = DFz_Level[_n-3]
.     capture gen double L3_DFz_Contrast = DFz_Contrast[_n-3]
.     
.     local safe_controls ln地区生产总值_c ln公路运量源数据_c ln风险投资额_c ln绿色专利_c
.     
.     ivreg2 ln能耗强度_c (DFz_Level DFz_Contrast = L2_DFz_Level L3_DFz_Level L2_DFz_Contrast L3_DFz_Contrast) `safe_controls' $fe_controls, cluster(代码) robust first

First-stage regressions
-----------------------


First-stage regression of DFz_Level:

Statistics robust to heteroskedasticity and clustering on 代码
Number of obs =                    249
Number of clusters (代码) =         21
------------------------------------------------------------------------------------
                   |               Robust
         DFz_Level | Coefficient  std. err.      t    P>|t|     [95% conf. interval]
-------------------+----------------------------------------------------------------
      L2_DFz_Level |   .3410826   .0844564     4.04   0.000     .1746717    .5074935
      L3_DFz_Level |  -.0188557   .0532724    -0.35   0.724    -.1238224    .0861111
   L2_DFz_Contrast |   .1434258    .166433     0.86   0.390      -.18451    .4713615
   L3_DFz_Contrast |  -.0075659    .060477    -0.13   0.901    -.1267284    .1115965
  ln地区生产总值_c |  -.0170807   .0164109    -1.04   0.299    -.0494164     .015255
ln公路运量源数据_c |  -.0540211   .0340535    -1.59   0.114    -.1211193    .0130772
    ln风险投资额_c |  -.0035969   .0017735    -2.03   0.044    -.0070913   -.0001025
      ln绿色专利_c |   .0328132   .0142454     2.30   0.022     .0047445     .060882
                   |
              年份 |
             2012  |   .1532311   .0375688     4.08   0.000     .0792063    .2272559
             2013  |   .3765751   .0602612     6.25   0.000     .2578377    .4953125
             2014  |   .3870659   .1072144     3.61   0.000     .1758131    .5983188
             2015  |   .4142955   .1030782     4.02   0.000     .2111925    .6173986
             2016  |   .4452585   .1023835     4.35   0.000     .2435244    .6469926
             2017  |   .4801215   .1116687     4.30   0.000      .260092    .7001511
             2018  |   .4908728   .1151147     4.26   0.000     .2640533    .7176923
             2019  |   .5092156   .1209838     4.21   0.000      .270832    .7475993
             2020  |   .4931923   .1129694     4.37   0.000     .2705999    .7157847
             2021  |   .5204845    .119674     4.35   0.000     .2846815    .7562875
             2022  |   .5092974   .1164367     4.37   0.000     .2798732    .7387217
                   |
             _cons |   -.401542   .0904382    -4.44   0.000    -.5797395   -.2233446
------------------------------------------------------------------------------------
F test of excluded instruments:
  F(  4,    20) =    57.35
  Prob > F      =   0.0000
Sanderson-Windmeijer multivariate F test of excluded instruments:
  F(  3,    20) =    90.23
  Prob > F      =   0.0000


First-stage regression of DFz_Contrast:

Statistics robust to heteroskedasticity and clustering on 代码
Number of obs =                    249
Number of clusters (代码) =         21
------------------------------------------------------------------------------------
                   |               Robust
      DFz_Contrast | Coefficient  std. err.      t    P>|t|     [95% conf. interval]
-------------------+----------------------------------------------------------------
      L2_DFz_Level |   -.118659   .0767458    -1.55   0.123    -.2698772    .0325592
      L3_DFz_Level |   .0254799    .026668     0.96   0.340    -.0270661    .0780259
   L2_DFz_Contrast |   .5917139   .1352126     4.38   0.000     .3252941    .8581336
   L3_DFz_Contrast |  -.0747075   .0511648    -1.46   0.146    -.1755214    .0261064
  ln地区生产总值_c |   .0397463   .0274557     1.45   0.149    -.0143518    .0938444
ln公路运量源数据_c |  -.0023839    .029332    -0.08   0.935    -.0601791    .0554113
    ln风险投资额_c |   .0027517   .0022831     1.21   0.229    -.0017469    .0072504
      ln绿色专利_c |  -.0108254   .0103573    -1.05   0.297    -.0312332    .0095825
                   |
              年份 |
             2012  |   -.192753   .0316262    -6.09   0.000    -.2550686   -.1304374
             2013  |  -.7248309   .1262644    -5.74   0.000    -.9736193   -.4760424
             2014  |  -.5651998   .0812149    -6.96   0.000    -.7252238   -.4051757
             2015  |  -.5632613   .0778211    -7.24   0.000    -.7165983   -.4099243
             2016  |  -.5939142   .0784962    -7.57   0.000    -.7485814    -.439247
             2017  |  -.6030561   .0800531    -7.53   0.000    -.7607909   -.4453214
             2018  |  -.5984512   .0793393    -7.54   0.000    -.7547797   -.4421228
             2019  |  -.5917925   .0788258    -7.51   0.000    -.7471091   -.4364759
             2020  |  -.5956941    .074419    -8.00   0.000    -.7423277   -.4490606
             2021  |  -.6213187   .0781584    -7.95   0.000    -.7753203   -.4673171
             2022  |  -.6161118    .076366    -8.07   0.000    -.7665817   -.4656419
                   |
             _cons |   .5289625   .0688563     7.68   0.000     .3932897    .6646354
------------------------------------------------------------------------------------
F test of excluded instruments:
  F(  4,    20) =    30.61
  Prob > F      =   0.0000
Sanderson-Windmeijer multivariate F test of excluded instruments:
  F(  3,    20) =    25.17
  Prob > F      =   0.0000



Summary results for first-stage regressions
-------------------------------------------

                                           (Underid)            (Weak id)
Variable     | F(  4,    20)  P-val | SW Chi-sq(  3) P-val | SW F(  3,    20)
DFz_Level    |      57.35    0.0000 |      307.79   0.0000 |       90.23
DFz_Contrast |      30.61    0.0000 |       85.87   0.0000 |       25.17

NB: first-stage test statistics cluster-robust

Stock-Yogo weak ID F test critical values for single endogenous regressor:
                                    5% maximal IV relative bias    16.85
                                   10% maximal IV relative bias    10.27
                                   20% maximal IV relative bias     6.71
                                   30% maximal IV relative bias     5.34
                                   10% maximal IV size             24.58
                                   15% maximal IV size             13.96
                                   20% maximal IV size             10.26
                                   25% maximal IV size              8.31
Source: Stock-Yogo (2005).  Reproduced by permission.
NB: Critical values are for i.i.d. errors only.

Underidentification test
Ho: matrix of reduced form coefficients has rank=K1-1 (underidentified)
Ha: matrix has rank=K1 (identified)
Kleibergen-Paap rk LM statistic          Chi-sq(3)=4.05     P-val=0.2558

Weak identification test
Ho: equation is weakly identified
Cragg-Donald Wald F statistic                                       9.12
Kleibergen-Paap Wald rk F statistic                                25.80

Stock-Yogo weak ID test critical values for K1=2 and L1=4:
                                    5% maximal IV relative bias    11.04
                                   10% maximal IV relative bias     7.56
                                   20% maximal IV relative bias     5.57
                                   30% maximal IV relative bias     4.73
                                   10% maximal IV size             16.87
                                   15% maximal IV size              9.93
                                   20% maximal IV size              7.54
                                   25% maximal IV size              6.28
Source: Stock-Yogo (2005).  Reproduced by permission.
NB: Critical values are for Cragg-Donald F statistic and i.i.d. errors.

Weak-instrument-robust inference
Tests of joint significance of endogenous regressors B1 in main equation
Ho: B1=0 and orthogonality conditions are valid
Anderson-Rubin Wald test           F(4,20)=       21.60     P-val=0.0000
Anderson-Rubin Wald test           Chi-sq(4)=     98.25     P-val=0.0000
Stock-Wright LM S statistic        Chi-sq(4)=     20.45     P-val=0.0004

NB: Underidentification, weak identification and weak-identification-robust
    test statistics cluster-robust

Number of clusters             N_clust  =         21
Number of observations               N  =        249
Number of regressors                 K  =         18
Number of endogenous regressors      K1 =          2
Number of instruments                L  =         20
Number of excluded instruments       L1 =          4

IV (2SLS) estimation
--------------------

Estimates efficient for homoskedasticity only
Statistics robust to heteroskedasticity and clustering on 代码

Number of clusters (代码) =         21                Number of obs =      249
                                                      F( 17,    20) =   308.83
                                                      Prob > F      =   0.0000
Total (centered) SS     =   59.9716432                Centered R2   =   0.6250
Total (uncentered) SS   =  60.01694742                Uncentered R2 =   0.6253
Residual SS             =  22.49040279                Root MSE      =    .3005

------------------------------------------------------------------------------------
                   |               Robust
      ln能耗强度_c | Coefficient  std. err.      z    P>|z|     [95% conf. interval]
-------------------+----------------------------------------------------------------
         DFz_Level |  -.7729716   .2356835    -3.28   0.001    -1.234903   -.3110405
      DFz_Contrast |  -.1095878   .3163106    -0.35   0.729    -.7295452    .5103696
  ln地区生产总值_c |   .3807783   .1472173     2.59   0.010     .0922377    .6693189
ln公路运量源数据_c |   .0593716   .0920767     0.64   0.519    -.1210954    .2398386
    ln风险投资额_c |   .0074109   .0064217     1.15   0.248    -.0051755    .0199972
      ln绿色专利_c |  -.0134282   .0665863    -0.20   0.840    -.1439349    .1170786
                   |
              年份 |
             2012  |   .0339025   .0809706     0.42   0.675    -.1247971     .192602
             2013  |   .0401791   .1257556     0.32   0.749    -.2062973    .2866555
             2014  |   .0450763   .1440569     0.31   0.754    -.2372701    .3274227
             2015  |   .0773217   .1738911     0.44   0.657    -.2634985     .418142
             2016  |   .0965418   .1968435     0.49   0.624    -.2892644     .482348
             2017  |   .0528768   .2157654     0.25   0.806    -.3700156    .4757693
             2018  |   .1149858   .2231017     0.52   0.606    -.3222854     .552257
             2019  |   .0749014   .2332254     0.32   0.748     -.382212    .5320148
             2020  |    .201198   .2383714     0.84   0.399    -.2660014    .6683974
             2021  |   .2786822    .257827     1.08   0.280    -.2266495    .7840138
             2022  |   .0642086    .262799     0.24   0.807    -.4508679    .5792852
                   |
             _cons |  -.0937067    .195622    -0.48   0.632    -.4771188    .2897055
------------------------------------------------------------------------------------
Underidentification test (Kleibergen-Paap rk LM statistic):              4.053
                                                   Chi-sq(3) P-val =    0.2558
------------------------------------------------------------------------------
Weak identification test (Cragg-Donald Wald F statistic):                9.118
                         (Kleibergen-Paap rk Wald F statistic):         25.795
Stock-Yogo weak ID test critical values:  5% maximal IV relative bias    11.04
                                         10% maximal IV relative bias     7.56
                                         20% maximal IV relative bias     5.57
                                         30% maximal IV relative bias     4.73
                                         10% maximal IV size             16.87
                                         15% maximal IV size              9.93
                                         20% maximal IV size              7.54
                                         25% maximal IV size              6.28
Source: Stock-Yogo (2005).  Reproduced by permission.
NB: Critical values are for Cragg-Donald F statistic and i.i.d. errors.
------------------------------------------------------------------------------
Hansen J statistic (overidentification test of all instruments):         6.083
                                                   Chi-sq(2) P-val =    0.0478
------------------------------------------------------------------------------
Instrumented:         DFz_Level DFz_Contrast
Included instruments: ln地区生产总值_c ln公路运量源数据_c
                      ln风险投资额_c ln绿色专利_c 2012.年份
                      2013.年份 2014.年份 2015.年份 2016.年份
                      2017.年份 2018.年份 2019.年份 2020.年份
                      2021.年份 2022.年份
Excluded instruments: L2_DFz_Level L3_DFz_Level L2_DFz_Contrast L3_DFz_Contrast
------------------------------------------------------------------------------
.     estimates store IV_Energy
. }

. 
. 
. *====================================================================
. * 【对应正文 Table 6】 预测与反事实模拟 (Forecasting Scenarios)
. *====================================================================
. * Panel A: Counterfactual Gap Analysis
. * Panel B: Forecasting Scenarios
. * 此部分对应代码末尾的 Counterfactual scenario prediction 模块
. 
. * 确保基准变量存在
. mk_basis_z, k(2) weight_type("nested")
(21 missing values generated)
(21 missing values generated)

. mk_mech_z

. get_mech_varlist

. 
. * 运行基准模型并保存估计结果
. xtreg ln能耗强度_c DFz_Level DFz_Contrast `r(energy)' $controls i.年份, fe vce(cluster 代码)

Fixed-effects (within) regression               Number of obs     =        252
Group variable: 代码                            Number of groups  =         21

R-squared:                                      Obs per group:
     Within  = 0.5309                                         min =         12
     Between = 0.0354                                         avg =       12.0
     Overall = 0.0955                                         max =         12

                                                F(20,20)          =          .
corr(u_i, Xb) = 0.0241                          Prob > F          =          .

                                                    (Std. err. adjusted for 21 clusters in 代码)
------------------------------------------------------------------------------------------------
                               |               Robust
                  ln能耗强度_c | Coefficient  std. err.      t    P>|t|     [95% conf. interval]
-------------------------------+----------------------------------------------------------------
                     DFz_Level |  -.1429044   .2433228    -0.59   0.564    -.6504669    .3646582
                  DFz_Contrast |   .2593559   .1106403     2.34   0.030     .0285643    .4901475
       Level_mech_ln物流效率_c |  -.5403579    .335384    -1.61   0.123    -1.239957    .1592409
    Contrast_mech_ln物流效率_c |  -.2104743    .276213    -0.76   0.455    -.7866445    .3656959
     Level_mech_ln风险投资额_c |  -.0479777   .0508339    -0.94   0.357    -.1540152    .0580599
  Contrast_mech_ln风险投资额_c |   .0370311    .029746     1.24   0.228    -.0250179    .0990801
       Level_mech_ln绿色专利_c |  -.2492081   .0977268    -2.55   0.019    -.4530627   -.0453536
    Contrast_mech_ln绿色专利_c |  -.0565394   .0648789    -0.87   0.394    -.1918743    .0787956
         Level_mech_绿色金融_c |  -2.470906   2.094982    -1.18   0.252    -6.840962    1.899149
      Contrast_mech_绿色金融_c |    1.78621   2.567041     0.70   0.495    -3.568544    7.140963
   Level_mech_产业结构高级化_c |   1.072903   .8791466     1.22   0.237    -.7609649     2.90677
Contrast_mech_产业结构高级化_c |  -.1369773   .6478255    -0.21   0.835    -1.488318    1.214363
     Level_mech_第二产业占比_c |   4.400738   3.332056     1.32   0.202     -2.54981    11.35129
  Contrast_mech_第二产业占比_c |   1.710925   2.567314     0.67   0.513    -3.644399    7.066249
              ln地区生产总值_c |   .0346519   .3938917     0.09   0.931    -.7869918    .8562956
                第二产业占比_c |  -.3805107    .652785    -0.58   0.566    -1.742196     .981175
                  ln物流效率_c |   .1252076   .1133818     1.10   0.283    -.1113027    .3617179
                  环境规则强度 |   .0415391   .0409231     1.02   0.322     -.043825    .1269032
              产业结构高级化_c |  -.2667393   .1600884    -1.67   0.111    -.6006778    .0671992
                               |
                          年份 |
                         2012  |  -.0236487   .0664094    -0.36   0.725    -.1621762    .1148789
                         2013  |  -.0086816   .1081532    -0.08   0.937    -.2342853    .2169221
                         2014  |   .0124492    .135802     0.09   0.928    -.2708289    .2957272
                         2015  |   .0716078   .1608774     0.45   0.661    -.2639765    .4071922
                         2016  |   .1276003   .1943933     0.66   0.519    -.2778969    .5330976
                         2017  |   .1541139   .2285868     0.67   0.508    -.3227098    .6309377
                         2018  |   .2356803   .2580069     0.91   0.372    -.3025127    .7738732
                         2019  |   .2287815   .2920189     0.78   0.443    -.3803593    .8379222
                         2020  |   .3442947    .304636     1.13   0.272     -.291165    .9797543
                         2021  |   .4811289   .3567253     1.35   0.192    -.2629871    1.225245
                         2022  |   .2667312   .3804622     0.70   0.491    -.5268991    1.060362
                               |
                         _cons |  -.1609544   .1975137    -0.81   0.425    -.5729607    .2510519
-------------------------------+----------------------------------------------------------------
                       sigma_u |   .4741764
                       sigma_e |  .13673633
                           rho |  .92322897   (fraction of variance due to u_i)
------------------------------------------------------------------------------------------------

. estimates store T2_Mech_Energy

. 
. * 定义情景 (Scenario) 并预测
. * 示例：freeze2019_post2020 (对应 Table 6 的 Crisis Resilience / Actual)
. local scenario "freeze2019_post2020"

. local df_var "ln数字金融"

. 
. preserve

.     * 构造反事实数据
.     if "`scenario'"=="freeze2019_post2020" {
.         capture drop __dfwc2019
.         bysort 代码: egen double __dfwc2019 = mean(cond(年份==2019, lnDF_wc, .))
.         replace lnDF_wc = __dfwc2019 if 年份>=2020 & !missing(__dfwc2019)
(63 real changes made)
.     }

.     
.     * 重建核心变量
.     mk_basis_z, k(2) weight_type("nested")
(21 missing values generated)
(21 missing values generated)

.     mk_mech_z

.     get_mech_varlist

.     
.     * 预测
.     estimates restore T2_Mech_Energy
(results T2_Mech_Energy are active now)

.     predict double yhat_counterfactual, xbu

.     
.     * 输出结果 (对应 Table 6 的数据基础)
.     tabstat yhat_counterfactual if 年份>=2020, by(年份)

Summary for variables: yhat_counterfactual
Group variable: 年份 

    年份 |      Mean
---------+----------
    2020 |  .0994721
    2021 |  .2398134
    2022 |  .0305797
---------+----------
   Total |  .1232884
--------------------

. restore

. 
. di "All Tasks Completed."
All Tasks Completed.

. log close _all
      name:  <unnamed>
       log:  C:\Users\Administrator\Desktop\a.txt
  log type:  text
 closed on:  21 Jan 2026, 02:04:32
--------------------------------------------------------------------------------------------------------------------------------------------------------------------------------------------------------
